ARM Linker, RVCT3.1 [Build 939] for uVision [Standard]

================================================================================

Section Cross References

    startup.o(STACK) refers (Special) to stkheap2.o(.text) for __use_two_region_memory
    startup.o(HEAP) refers (Special) to stkheap2.o(.text) for __use_two_region_memory
    startup.o(RESET) refers to startup.o(STACK) for Stack_Top
    startup.o(RESET) refers to __main.o(!!!main) for __main
    startup.o(RESET) refers (Special) to stkheap2.o(.text) for __use_two_region_memory
    startup.o(.text) refers to startup.o(HEAP) for Heap_Mem
    startup.o(.text) refers to startup.o(STACK) for Stack_Mem
    startup.o(.text) refers (Special) to stkheap2.o(.text) for __use_two_region_memory
    serial.o(.text) refers to aeabi_sdiv.o(.text) for __aeabi_idivmod
    serial.o(.text) refers to serial.o(.data) for hinib0
    main.o(.text) refers to serial.o(.text) for init_uart0
    main.o(.text) refers to global_adc_init.o(.text) for init_adc
    main.o(.text) refers to gps_odometry.o(.data) for idx
    main.o(.text) refers to main.o(.data) for rx_cnt
    gps_odometry.o(.text) refers to dflt_noclz.o(x$fpl$dflt) for __aeabi_i2d
    gps_odometry.o(.text) refers to ddiv.o(x$fpl$ddiv) for __aeabi_ddiv
    gps_odometry.o(.text) refers to daddsub_noclz.o(x$fpl$dadd) for __aeabi_dadd
    gps_odometry.o(.text) refers to gps_odometry.o(.bss) for rxbuf
    gps_odometry.o(.text) refers to gps_odometry.o(.data) for longitude_seconds
    gps_odometry.o(.text) refers to dmul.o(x$fpl$dmul) for __aeabi_dmul
    gps_odometry.o(.text) refers to floor.o(i.floor) for floor
    gps_odometry.o(.text) refers to dfix.o(x$fpl$dfix) for __aeabi_d2iz
    sonar_interface.o(.text) refers to global_adc_init.o(.text) for read_adc1
    sonar_interface.o(.text) refers to dflt_noclz.o(x$fpl$dfltu) for __aeabi_ui2d
    sonar_interface.o(.text) refers to ddiv.o(x$fpl$ddiv) for __aeabi_ddiv
    sonar_interface.o(.text) refers to dfix.o(x$fpl$dfix) for __aeabi_d2iz
    accelerometer_interface.o(.text) refers to global_adc_init.o(.text) for read_adc1
    aeabi_sdiv.o(.text_udiv) refers to aeabi_sdiv.o(.text) for __arm_div4
    aeabi_sdiv_div0.o(.text_udiv) refers to aeabi_sdiv_div0.o(.text) for __arm_div4
    stkheap2.o(.text) refers to sys_stackheap_outer.o(.text) for __user_setup_stackheap
    stkheap2.o(.text) refers to rt_stackheap_storage_intlibspace.o(.text) for __rt_stackheap_storage
    __main.o(!!!main) refers to kernel.o(.text) for __rt_entry
    daddsub_noclz.o(x$fpl$dadd) refers to daddsub_noclz.o(x$fpl$dsub) for _dsub1
    daddsub_noclz.o(x$fpl$dadd) refers to dcheck.o(x$fpl$dcheck) for __fpl_dcheck_NaN2
    daddsub_noclz.o(x$fpl$dadd) refers (Special) to usenofp.o(x$fpl$usenofp) for __I_use_fp
    daddsub_noclz.o(x$fpl$dadd) refers (Special) to dunder.o(x$fpl$dunder) for __dunder_d
    daddsub_noclz.o(x$fpl$drsb) refers to daddsub_noclz.o(x$fpl$dadd) for _dadd1
    daddsub_noclz.o(x$fpl$drsb) refers to daddsub_noclz.o(x$fpl$dsub) for _dsub1
    daddsub_noclz.o(x$fpl$drsb) refers (Special) to usenofp.o(x$fpl$usenofp) for __I_use_fp
    daddsub_noclz.o(x$fpl$drsb) refers (Special) to dunder.o(x$fpl$dunder) for __dunder_d
    daddsub_noclz.o(x$fpl$dsub) refers to daddsub_noclz.o(x$fpl$dadd) for _dadd1
    daddsub_noclz.o(x$fpl$dsub) refers to dcheck.o(x$fpl$dcheck) for __fpl_dcheck_NaN2
    daddsub_noclz.o(x$fpl$dsub) refers (Special) to usenofp.o(x$fpl$usenofp) for __I_use_fp
    daddsub_noclz.o(x$fpl$dsub) refers (Special) to dunder.o(x$fpl$dunder) for __dunder_d
    ddiv.o(x$fpl$drdiv) refers to ddiv.o(x$fpl$ddiv) for ddiv_entry
    ddiv.o(x$fpl$drdiv) refers (Special) to usenofp.o(x$fpl$usenofp) for __I_use_fp
    ddiv.o(x$fpl$drdiv) refers (Special) to dunder.o(x$fpl$dunder) for __dunder
    ddiv.o(x$fpl$ddiv) refers to dcheck.o(x$fpl$dcheck) for __fpl_dcheck_NaN2
    ddiv.o(x$fpl$ddiv) refers (Special) to usenofp.o(x$fpl$usenofp) for __I_use_fp
    ddiv.o(x$fpl$ddiv) refers (Special) to dunder.o(x$fpl$dunder) for __dunder
    dfix.o(x$fpl$dfix) refers to dcheck1.o(x$fpl$dcheck1) for __fpl_dcheck_NaN1
    dfix.o(x$fpl$dfix) refers (Special) to usenofp.o(x$fpl$usenofp) for __I_use_fp
    dfix.o(x$fpl$dfixr) refers to dcheck1.o(x$fpl$dcheck1) for __fpl_dcheck_NaN1
    dfix.o(x$fpl$dfixr) refers (Special) to usenofp.o(x$fpl$usenofp) for __I_use_fp
    dflt_noclz.o(x$fpl$dfltu) refers to dflt_noclz.o(x$fpl$dflt) for __dflt_normalise
    dflt_noclz.o(x$fpl$dfltu) refers (Special) to usenofp.o(x$fpl$usenofp) for __I_use_fp
    dflt_noclz.o(x$fpl$dflt) refers (Special) to usenofp.o(x$fpl$usenofp) for __I_use_fp
    dmul.o(x$fpl$dmul) refers to dcheck.o(x$fpl$dcheck) for __fpl_dcheck_NaN2
    dmul.o(x$fpl$dmul) refers (Special) to usenofp.o(x$fpl$usenofp) for __I_use_fp
    dmul.o(x$fpl$dmul) refers (Special) to dunder.o(x$fpl$dunder) for __dunder
    floor.o(i.floor) refers to daddsub_noclz.o(x$fpl$dadd) for __aeabi_dadd
    floor.o(i.floor) refers to drleqf.o(x$fpl$drleqf) for __aeabi_cdrcmple
    floor.o(i.floor) refers to daddsub_noclz.o(x$fpl$drsb) for __aeabi_drsub
    floor.o(i.floor) refers (Special) to usenofp.o(x$fpl$usenofp) for __I_use_fp
    floor.o(i.__softfp_floor) refers to floor.o(i.floor) for floor
    floor.o(i.__softfp_floor) refers (Special) to usenofp.o(x$fpl$usenofp) for __I_use_fp
    kernel.o(.text) refers to stkheap2.o(.text) for __rt_stackheap_init
    kernel.o(.text) refers to boardinit2.o(.text) for _platform_post_stackheap_init
    kernel.o(.text) refers to lib_init.o(.text) for __rt_lib_init
    kernel.o(.text) refers to boardinit3.o(.text) for _platform_post_lib_init
    kernel.o(.text) refers to exit.o(.text) for exit
    kernel.o(.text) refers to main.o(.text) for main
    kernel.o(.text) refers to sys_exit.o(.text) for _sys_exit
    kernel.o(.ARM.exidx) refers to kernel.o(.text) for __rt_entry
    sys_stackheap_outer.o(.text) refers to libspace.o(.text) for __user_perproc_libspace
    sys_stackheap_outer.o(.text) refers to startup.o(.text) for __user_initial_stackheap
    aeabi_idiv0_sigfpe.o(.text) refers to rt_div0.o(.text) for __rt_div0
    rt_stackheap_storage.o(.text) refers to rt_stackheap_storage.o(.bss) for __rt_stackheap_storage_data
    rt_stackheap_storage_intlibspace.o(.text) refers to libspace.o(.bss) for __libspace_start
    dcheck.o(x$fpl$dcheck) refers to retnan.o(x$fpl$retnan) for __fpl_return_NaN
    dcheck.o(x$fpl$dcheck) refers (Special) to usenofp.o(x$fpl$usenofp) for __I_use_fp
    dcheck1.o(x$fpl$dcheck1) refers to retnan.o(x$fpl$retnan) for __fpl_return_NaN
    dcheck1.o(x$fpl$dcheck1) refers (Special) to usenofp.o(x$fpl$usenofp) for __I_use_fp
    dunder.o(x$fpl$dunder) refers (Special) to usenofp.o(x$fpl$usenofp) for __I_use_fp
    drleqf.o(x$fpl$drleqf) refers to dcmpin.o(x$fpl$dcmpinfnan) for __fpl_dcmp_InfNaN
    drleqf.o(x$fpl$drleqf) refers (Special) to usenofp.o(x$fpl$usenofp) for __I_use_fp
    sys_exit.o(.text) refers to use_no_semi.o(.text) for __I_use_semihosting
    libspace.o(.text) refers to libspace.o(.bss) for __libspace_start
    rt_div0.o(.text) refers to defsig_fpe_outer.o(.text) for __rt_SIGFPE
    exit.o(.text) refers to kernel.o(.text) for __rt_exit
    stkheap1.o(.text) refers to sys_stackheap_outer.o(.text) for __user_setup_stackheap
    stkheap1.o(.text) refers to rt_stackheap_storage_intlibspace.o(.text) for __rt_stackheap_storage
    lib_init.o(.emb_text) refers to no_argv.o(.text) for __ARM_get_argv
    lib_init.o(.text) refers to fpinit.o(x$fpl$fpinit) for _fp_init
    lib_init.o(.text) refers to lib_init.o(.emb_text) for __ARM_argv_veneer
    lib_init.o(.text) refers to rt_locale_intlibspace.o(.text) for __rt_locale
    dcmpin.o(x$fpl$dcmpinfnan) refers to dcheck.o(x$fpl$dcheck) for __fpl_dcheck_NaN2
    dcmpin.o(x$fpl$dcmpinfnan) refers to trapv.o(x$fpl$trapveneer) for __fpl_cmpreturn
    dcmpin.o(x$fpl$dcmpinfnan) refers (Special) to usenofp.o(x$fpl$usenofp) for __I_use_fp
    retnan.o(x$fpl$retnan) refers to trapv.o(x$fpl$trapveneer) for __fpl_cmpreturn
    retnan.o(x$fpl$retnan) refers (Special) to usenofp.o(x$fpl$usenofp) for __I_use_fp
    rt_locale.o(.text) refers to rt_locale.o(.bss) for __rt_locale_data
    rt_locale_intlibspace.o(.text) refers to libspace.o(.bss) for __libspace_start
    defsig_fpe_outer.o(.text) refers to defsig_fpe_inner.o(.text) for __rt_SIGFPE_inner
    defsig_fpe_outer.o(.text) refers to defsig_exit.o(.text) for __sig_exit
    defsig_fpe_formal.o(.text) refers to rt_raise.o(.text) for __rt_raise
    _get_argv.o(.text) refers to heapext.o(.text) for __heap_extend
    _get_argv.o(.text) refers to defsig_rtmem_outer.o(.text) for __rt_SIGRTMEM
    _get_argv.o(.text) refers to sys_command.o(.text) for _sys_command_string
    _get_argv.o(.text) refers (Special) to hrguard.o(.text) for __heap_region_guard
    trapv.o(x$fpl$trapveneer) refers (Special) to usenofp.o(x$fpl$usenofp) for __I_use_fp
    fpinit.o(x$fpl$fpinit) refers to rt_fp_status_addr_intlibspace.o(.text) for __rt_fp_status_addr
    sys_command.o(.text) refers (Special) to use_no_semi.o(.text) for __I_use_semihosting
    rt_raise.o(.text) refers to __raise.o(.text) for __raise
    rt_raise.o(.text) refers to sys_exit.o(.text) for _sys_exit
    rt_fp_status_addr.o(.text) refers to rt_fp_status_addr.o(.bss) for __rt_fp_status_addr_data
    rt_fp_status_addr_intlibspace.o(.text) refers to libspace.o(.bss) for __libspace_start
    defsig.o(CL$$defsig) refers to defsig_fpe_inner.o(.text) for __rt_SIGFPE_inner
    defsig.o(CL$$defsig) refers to defsig_rtmem_inner.o(.text) for __rt_SIGRTMEM_inner
    defsig_exit.o(.text) refers to sys_exit.o(.text) for _sys_exit
    defsig_fpe_inner.o(.text) refers to defsig_general.o(.text) for __default_signal_display
    defsig_rtmem_outer.o(.text) refers to defsig_rtmem_inner.o(.text) for __rt_SIGRTMEM_inner
    defsig_rtmem_outer.o(.text) refers to defsig_exit.o(.text) for __sig_exit
    defsig_rtmem_formal.o(.text) refers to rt_raise.o(.text) for __rt_raise
    heapext.o(.text) refers to stkheap2.o(.text) for __rt_heap_extend
    __raise.o(.text) refers to defsig.o(CL$$defsig) for __default_signal_handler
    __raise.o(.text) refers to callvia.o(.text) for __ARM_call_via_r2
    defsig_general.o(.text) refers to sys_wrch.o(.text) for _ttywrch
    defsig_abrt_inner.o(.text) refers to defsig_general.o(.text) for __default_signal_display
    defsig_rtred_inner.o(.text) refers to defsig_general.o(.text) for __default_signal_display
    defsig_rtmem_inner.o(.text) refers to defsig_general.o(.text) for __default_signal_display
    defsig_stak_inner.o(.text) refers to defsig_general.o(.text) for __default_signal_display
    defsig_pvfn_inner.o(.text) refers to defsig_general.o(.text) for __default_signal_display
    defsig_cppl_inner.o(.text) refers to defsig_general.o(.text) for __default_signal_display
    defsig_segv_inner.o(.text) refers to defsig_general.o(.text) for __default_signal_display
    defsig_other.o(.text) refers to defsig_general.o(.text) for __default_signal_display
    sys_wrch.o(.text) refers (Special) to use_no_semi.o(.text) for __I_use_semihosting


================================================================================

Removing Unused input sections from the image.

    Removing gps_odometry.o(.text), (1292 bytes).
    Removing gps_odometry.o(.bss), (512 bytes).
    Removing sonar_interface.o(.text), (308 bytes).
    Removing accelerometer_interface.o(.text), (56 bytes).

4 unused section(s) (total 2168 bytes) removed from the image.

================================================================================

Adding Veneers to the image

    Adding TA veneer (8 bytes, Short) for call to '__rt_exit' from exit.o(.text).
    Adding AT veneer (12 bytes, Long) for call to '__rt_lib_shutdown' from kernel.o(.text).
    Adding TA veneer (4 bytes, Inline) for call to '_fp_init' from lib_init.o(.text).
    Adding TA veneer (4 bytes, Inline) for call to '__rt_locale' from lib_init.o(.text).
    Adding AT veneer (8 bytes, Inline) for call to '__rt_lib_init' from kernel.o(.text).
    Adding TA veneer (4 bytes, Inline) for call to '__ARM_argv_veneer' from lib_init.o(.text).

6 Veneer(s) (total 40 bytes) added to the image.

================================================================================

Image Symbol Table

    Local Symbols

    Symbol Name                              Value     Ov Type        Size  Object(Section)

    RESET                                    0x00000000   Section      288  startup.o(RESET)
    ../../angel/boardlib.s                   0x00000000   Number         0  boardinit1.o ABSOLUTE
    ../../angel/boardlib.s                   0x00000000   Number         0  boardshut.o ABSOLUTE
    ../../angel/boardlib.s                   0x00000000   Number         0  cpuinit.o ABSOLUTE
    ../../angel/boardlib.s                   0x00000000   Number         0  boardinit3.o ABSOLUTE
    ../../angel/boardlib.s                   0x00000000   Number         0  boardinit2.o ABSOLUTE
    ../../angel/handlers.s                   0x00000000   Number         0  __scatter_copy.o ABSOLUTE
    ../../angel/handlers.s                   0x00000000   Number         0  __scatter_zi.o ABSOLUTE
    ../../angel/kernel.s                     0x00000000   Number         0  kernel.o ABSOLUTE
    ../../angel/rt.s                         0x00000000   Number         0  rt_locale.o ABSOLUTE
    ../../angel/rt.s                         0x00000000   Number         0  rt_fp_status_addr_intlibspace.o ABSOLUTE
    ../../angel/rt.s                         0x00000000   Number         0  rt_raise.o ABSOLUTE
    ../../angel/rt.s                         0x00000000   Number         0  rt_fp_status_addr.o ABSOLUTE
    ../../angel/rt.s                         0x00000000   Number         0  rt_div0.o ABSOLUTE
    ../../angel/rt.s                         0x00000000   Number         0  rt_locale_intlibspace.o ABSOLUTE
    ../../angel/rt.s                         0x00000000   Number         0  rt_stackheap_storage_intlibspace.o ABSOLUTE
    ../../angel/rt.s                         0x00000000   Number         0  rt_stackheap_storage.o ABSOLUTE
    ../../angel/rt.s                         0x00000000   Number         0  aeabi_idiv0_sigfpe.o ABSOLUTE
    ../../angel/rt.s                         0x00000000   Number         0  aeabi_idiv0.o ABSOLUTE
    ../../angel/scatter.s                    0x00000000   Number         0  __scatter.o ABSOLUTE
    ../../angel/startup.s                    0x00000000   Number         0  __main.o ABSOLUTE
    ../../angel/sys.s                        0x00000000   Number         0  libspace.o ABSOLUTE
    ../../angel/sys.s                        0x00000000   Number         0  use_no_semi.o ABSOLUTE
    ../../angel/sys.s                        0x00000000   Number         0  sys_stackheap_outer.o ABSOLUTE
    ../../angel/sys.s                        0x00000000   Number         0  sys_exit.o ABSOLUTE
    ../../angel/sysapp.c                     0x00000000   Number         0  sys_wrch.o ABSOLUTE
    ../../angel/sysapp.c                     0x00000000   Number         0  sys_command.o ABSOLUTE
    ../../armsys.c                           0x00000000   Number         0  no_argv.o ABSOLUTE
    ../../armsys.c                           0x00000000   Number         0  lib_init.o ABSOLUTE
    ../../armsys.c                           0x00000000   Number         0  lib_init.o ABSOLUTE
    ../../armsys.c                           0x00000000   Number         0  _get_argv.o ABSOLUTE
    ../../daddsub.s                          0x00000000   Number         0  daddsub_noclz.o ABSOLUTE
    ../../dcheck.s                           0x00000000   Number         0  dcheck.o ABSOLUTE
    ../../dcheck1.s                          0x00000000   Number         0  dcheck1.o ABSOLUTE
    ../../dcmpin.s                           0x00000000   Number         0  dcmpin.o ABSOLUTE
    ../../ddiv.s                             0x00000000   Number         0  ddiv.o ABSOLUTE
    ../../dfix.s                             0x00000000   Number         0  dfix.o ABSOLUTE
    ../../dflt.s                             0x00000000   Number         0  dflt_noclz.o ABSOLUTE
    ../../division.s                         0x00000000   Number         0  aeabi_sdiv_div0.o ABSOLUTE
    ../../division.s                         0x00000000   Number         0  aeabi_sdiv.o ABSOLUTE
    ../../divrt.s                            0x00000000   Number         0  divrt_7tdmi.o ABSOLUTE
    ../../divrt.s                            0x00000000   Number         0  divrt_7tdmi_div0.o ABSOLUTE
    ../../dmul.s                             0x00000000   Number         0  dmul.o ABSOLUTE
    ../../drleqf.s                           0x00000000   Number         0  drleqf.o ABSOLUTE
    ../../dunder.s                           0x00000000   Number         0  dunder.o ABSOLUTE
    ../../floor.c                            0x00000000   Number         0  floor.o ABSOLUTE
    ../../fpinit.s                           0x00000000   Number         0  fpinit.o ABSOLUTE
    ../../heapalloc.c                        0x00000000   Number         0  hrguard.o ABSOLUTE
    ../../retnan.s                           0x00000000   Number         0  retnan.o ABSOLUTE
    ../../signal.c                           0x00000000   Number         0  defsig_abrt_inner.o ABSOLUTE
    ../../signal.c                           0x00000000   Number         0  defsig_fpe_formal.o ABSOLUTE
    ../../signal.c                           0x00000000   Number         0  defsig_exit.o ABSOLUTE
    ../../signal.c                           0x00000000   Number         0  defsig_fpe_inner.o ABSOLUTE
    ../../signal.c                           0x00000000   Number         0  defsig_rtmem_outer.o ABSOLUTE
    ../../signal.c                           0x00000000   Number         0  defsig_rtmem_formal.o ABSOLUTE
    ../../signal.c                           0x00000000   Number         0  defsig_segv_inner.o ABSOLUTE
    ../../signal.c                           0x00000000   Number         0  __raise.o ABSOLUTE
    ../../signal.c                           0x00000000   Number         0  defsig_general.o ABSOLUTE
    ../../signal.c                           0x00000000   Number         0  defsig_rtred_inner.o ABSOLUTE
    ../../signal.c                           0x00000000   Number         0  defsig_stak_inner.o ABSOLUTE
    ../../signal.c                           0x00000000   Number         0  defsig_pvfn_inner.o ABSOLUTE
    ../../signal.c                           0x00000000   Number         0  defsig_cppl_inner.o ABSOLUTE
    ../../signal.c                           0x00000000   Number         0  defsig_other.o ABSOLUTE
    ../../signal.c                           0x00000000   Number         0  defsig_fpe_outer.o ABSOLUTE
    ../../signal.c                           0x00000000   Number         0  defsig_rtmem_inner.o ABSOLUTE
    ../../signal.s                           0x00000000   Number         0  defsig.o ABSOLUTE
    ../../stdlib.c                           0x00000000   Number         0  exit.o ABSOLUTE
    ../../stkheap.s                          0x00000000   Number         0  heapext.o ABSOLUTE
    ../../stkheap1.s                         0x00000000   Number         0  stkheap1.o ABSOLUTE
    ../../stkheap2.s                         0x00000000   Number         0  stkheap2.o ABSOLUTE
    ../../trapv.s                            0x00000000   Number         0  trapv.o ABSOLUTE
    ../../unhosted.s                         0x00000000   Number         0  callvia.o ABSOLUTE
    ../../usenofp.s                          0x00000000   Number         0  usenofp.o ABSOLUTE
    Startup.s                                0x00000000   Number         0  startup.o ABSOLUTE
    accelerometer_interface.c                0x00000000   Number         0  accelerometer_interface.o ABSOLUTE
    dc.s                                     0x00000000   Number         0  dc.o ABSOLUTE
    global_adc_init.c                        0x00000000   Number         0  global_adc_init.o ABSOLUTE
    gps_odometry.c                           0x00000000   Number         0  gps_odometry.o ABSOLUTE
    main.c                                   0x00000000   Number         0  main.o ABSOLUTE
    mapper.c                                 0x00000000   Number         0  mapper.o ABSOLUTE
    serial.c                                 0x00000000   Number         0  serial.o ABSOLUTE
    sonar_interface.c                        0x00000000   Number         0  sonar_interface.o ABSOLUTE
    Undef_Handler                            0x00000040   ARM Code       4  startup.o(RESET)
    SWI_Handler                              0x00000044   ARM Code       4  startup.o(RESET)
    PAbt_Handler                             0x00000048   ARM Code       4  startup.o(RESET)
    DAbt_Handler                             0x0000004c   ARM Code       4  startup.o(RESET)
    IRQ_Handler                              0x00000050   ARM Code       4  startup.o(RESET)
    FIQ_Handler                              0x00000054   ARM Code       4  startup.o(RESET)
    !!!main                                  0x00000120   Section        8  __main.o(!!!main)
    !!!scatter                               0x00000128   Section       60  __scatter.o(!!!scatter)
    !!handler_copy                           0x00000164   Section       40  __scatter_copy.o(!!handler_copy)
    !!handler_zi                             0x0000018c   Section       44  __scatter_zi.o(!!handler_zi)
    .emb_text                                0x000001bc   Section       16  lib_init.o(.emb_text)
    .text                                    0x000001cc   Section       32  startup.o(.text)
    .text                                    0x000001ec   Section     1028  serial.o(.text)
    .text                                    0x000005f0   Section      160  main.o(.text)
    .text                                    0x00000690   Section      652  global_adc_init.o(.text)
    .text                                    0x0000091c   Section      384  aeabi_sdiv.o(.text)
    __arm_div8                               0x00000948   ARM Code       0  aeabi_sdiv.o(.text)
    __arm_div4                               0x00000978   ARM Code       0  aeabi_sdiv.o(.text)
    __arm_div_large                          0x000009cc   ARM Code       0  aeabi_sdiv.o(.text)
    .text                                    0x00000a9c   Section       64  stkheap2.o(.text)
    .text                                    0x00000adc   Section      104  kernel.o(.text)
    .text                                    0x00000b44   Section       96  sys_stackheap_outer.o(.text)
    .text                                    0x00000ba4   Section       16  rt_stackheap_storage_intlibspace.o(.text)
    .text                                    0x00000bb4   Section       24  sys_exit.o(.text)
    .text                                    0x00000bcc   Section       12  libspace.o(.text)
    .text                                    0x00000bd8   Section       12  exit.o(.text)
    .text                                    0x00000bec   Section      206  lib_init.o(.text)
    .text                                    0x00000cbc   Section       12  boardinit2.o(.text)
    .text                                    0x00000cc8   Section       16  boardinit3.o(.text)
    .text                                    0x00000cd8   Section        4  use_no_semi.o(.text)
    .text                                    0x00000ce0   Section       16  rt_locale_intlibspace.o(.text)
    .text                                    0x00000cf0   Section        6  no_argv.o(.text)
    .text                                    0x00000cf8   Section       16  rt_fp_status_addr_intlibspace.o(.text)
    x$fpl$fpinit                             0x00000d20   Section       24  fpinit.o(x$fpl$fpinit)
    .data                                    0x40000000   Section        4  serial.o(.data)
    .data                                    0x40000004   Section       28  main.o(.data)
    .data                                    0x40000020   Section       80  gps_odometry.o(.data)
    .bss                                     0x40000070   Section       96  libspace.o(.bss)
    HEAP                                     0x400000d0   Number         0  startup.o(HEAP)
    STACK                                    0x400000d0   Section     1160  startup.o(STACK)
    Heap_Mem                                 0x400000d0   Number         0  startup.o(HEAP)
    Stack_Mem                                0x400000d0   Data        1160  startup.o(STACK)
    Stack_Top                                0x40000558   Number         0  startup.o(STACK)

    Global Symbols

    Symbol Name                              Value     Ov Type        Size  Object(Section)

    BuildAttributes$$THM_ISAv1$ARM_ISAv4$M$S$PE$A:L22$X:L11$S22$IEEE1$IW$USESV6$~STKCKD$USESV7$~SHL$OSPACE$EBA8$STANDARDLIB$REQ8$PRES8$EABIv2 0x00000000   Number         0  anon$$obj.o ABSOLUTE
    __ARM_use_no_argv                        0x00000000   Number         0  main.o ABSOLUTE
    __ARM_exceptions_init                     - Undefined Weak Reference
    __Heap_DescSize                           - Undefined Weak Reference
    __alloca_initialize                       - Undefined Weak Reference
    __cpp_initialize__aeabi_                  - Undefined Weak Reference
    __cxa_finalize                            - Undefined Weak Reference
    __fpl_infinity                            - Undefined Weak Reference
    __sigvec_lookup                           - Undefined Weak Reference
    __user_heap_extend                        - Undefined Weak Reference
    _atexit_init                              - Undefined Weak Reference
    _call_atexit_fns                          - Undefined Weak Reference
    _clock_init                               - Undefined Weak Reference
    _fp_trap_init                             - Undefined Weak Reference
    _get_lc_collate                           - Undefined Weak Reference
    _get_lc_ctype                             - Undefined Weak Reference
    _get_lc_monetary                          - Undefined Weak Reference
    _get_lc_numeric                           - Undefined Weak Reference
    _get_lc_time                              - Undefined Weak Reference
    _getenv_init                              - Undefined Weak Reference
    _handle_redirection                       - Undefined Weak Reference
    _init_alloc                               - Undefined Weak Reference
    _init_user_alloc                          - Undefined Weak Reference
    _initio                                   - Undefined Weak Reference
    _rand_init                                - Undefined Weak Reference
    _signal_init                              - Undefined Weak Reference
    _terminate_user_alloc                     - Undefined Weak Reference
    _terminateio                              - Undefined Weak Reference
    Reset_Handler                            0x00000058   ARM Code       0  startup.o(RESET)
    __main                                   0x00000120   ARM Code       8  __main.o(!!!main)
    __scatterload                            0x00000128   ARM Code       0  __scatter.o(!!!scatter)
    __scatterload_rt2                        0x00000128   ARM Code      52  __scatter.o(!!!scatter)
    __scatterload_null                       0x0000013c   ARM Code       0  __scatter.o(!!!scatter)
    __scatterload_copy                       0x00000164   ARM Code      40  __scatter_copy.o(!!handler_copy)
    __scatterload_zeroinit                   0x0000018c   ARM Code      44  __scatter_zi.o(!!handler_zi)
    Inline Thumb to ARM Veneer to __ARM_argv_veneer 0x000001b9   Thumb Code     0  lib_init.o(.emb_text)
    __ARM_argv_veneer                        0x000001bc   ARM Code      16  lib_init.o(.emb_text)
    __user_initial_stackheap                 0x000001cc   ARM Code       0  startup.o(.text)
    get_proc_clk                             0x000001ec   ARM Code      88  serial.o(.text)
    get_peripheral_clk                       0x00000244   ARM Code     104  serial.o(.text)
    init_uart0                               0x000002ac   ARM Code      88  serial.o(.text)
    init_uart1                               0x00000304   ARM Code      88  serial.o(.text)
    putchar_uart0                            0x0000035c   ARM Code      80  serial.o(.text)
    putchar_uart1                            0x000003ac   ARM Code      80  serial.o(.text)
    getchar_uart0                            0x000003fc   ARM Code      32  serial.o(.text)
    getchar_uart1                            0x0000041c   ARM Code      32  serial.o(.text)
    ascii_convert0                           0x0000043c   ARM Code     152  serial.o(.text)
    ascii_convert1                           0x000004d4   ARM Code     152  serial.o(.text)
    uart0_send_ascii                         0x0000056c   ARM Code      48  serial.o(.text)
    uart1_send_ascii                         0x0000059c   ARM Code      48  serial.o(.text)
    main                                     0x000005f0   ARM Code     136  main.o(.text)
    init_adc                                 0x00000690   ARM Code      88  global_adc_init.o(.text)
    read_adc0                                0x000006e8   ARM Code     252  global_adc_init.o(.text)
    read_adc1                                0x000007e4   ARM Code     244  global_adc_init.o(.text)
    delay_ms                                 0x000008d8   ARM Code      48  global_adc_init.o(.text)
    __aeabi_idiv                             0x0000091c   ARM Code       0  aeabi_sdiv.o(.text)
    __aeabi_idivmod                          0x0000091c   ARM Code     384  aeabi_sdiv.o(.text)
    __use_two_region_memory                  0x00000a9c   ARM Code       4  stkheap2.o(.text)
    __rt_stackheap_init                      0x00000aa0   ARM Code      36  stkheap2.o(.text)
    __rt_heap_extend                         0x00000ac4   ARM Code      24  stkheap2.o(.text)
    __rt_entry                               0x00000adc   ARM Code      76  kernel.o(.text)
    __rt_exit                                0x00000b28   ARM Code      20  kernel.o(.text)
    __rt_abort                               0x00000b3c   ARM Code       8  kernel.o(.text)
    __user_setup_stackheap                   0x00000b44   ARM Code      96  sys_stackheap_outer.o(.text)
    __rt_stackheap_storage                   0x00000ba4   ARM Code      12  rt_stackheap_storage_intlibspace.o(.text)
    _sys_exit                                0x00000bb4   ARM Code      20  sys_exit.o(.text)
    __user_libspace                          0x00000bcc   ARM Code       8  libspace.o(.text)
    __user_perproc_libspace                  0x00000bcc   ARM Code       0  libspace.o(.text)
    __user_perthread_libspace                0x00000bcc   ARM Code       0  libspace.o(.text)
    exit                                     0x00000bd9   Thumb Code    12  exit.o(.text)
    Inline ARM to Thumb Veneer to __rt_lib_init 0x00000be4   ARM Code       0  lib_init.o(.text)
    __rt_lib_init                            0x00000bed   Thumb Code   184  lib_init.o(.text)
    __rt_lib_shutdown                        0x00000ca5   Thumb Code    22  lib_init.o(.text)
    _platform_post_stackheap_init            0x00000cbc   ARM Code      12  boardinit2.o(.text)
    _platform_post_lib_init                  0x00000cc8   ARM Code      16  boardinit3.o(.text)
    __I_use_semihosting                      0x00000cd8   ARM Code       0  use_no_semi.o(.text)
    __use_no_semihosting_swi                 0x00000cd8   ARM Code       4  use_no_semi.o(.text)
    Inline Thumb to ARM Veneer to __rt_locale 0x00000cdd   Thumb Code     0  rt_locale_intlibspace.o(.text)
    __rt_locale                              0x00000ce0   ARM Code      12  rt_locale_intlibspace.o(.text)
    __ARM_get_argv                           0x00000cf1   Thumb Code     6  no_argv.o(.text)
    __rt_fp_status_addr                      0x00000cf8   ARM Code      12  rt_fp_status_addr_intlibspace.o(.text)
    Long ARM to Thumb Veneer to __rt_lib_shutdown 0x00000d08   ARM Code       0  anon$$obj.o(Veneer$$Code)
    Short Thumb to ARM Veneer to __rt_exit   0x00000d15   Thumb Code     0  anon$$obj.o(Veneer$$Code)
    Inline Thumb to ARM Veneer to _fp_init   0x00000d1d   Thumb Code     0  fpinit.o(x$fpl$fpinit)
    _fp_init                                 0x00000d20   ARM Code      24  fpinit.o(x$fpl$fpinit)
    __fplib_config_pureend_doubles           0x00000d30   ARM Code       0  fpinit.o(x$fpl$fpinit)
    Region$$Table$$Base                      0x00000d38   Number         0  anon$$obj.o(Region$$Table)
    Region$$Table$$Limit                     0x00000d58   Number         0  anon$$obj.o(Region$$Table)
    lonib0                                   0x40000000   Data           1  serial.o(.data)
    hinib0                                   0x40000001   Data           1  serial.o(.data)
    lonib1                                   0x40000002   Data           1  serial.o(.data)
    hinib1                                   0x40000003   Data           1  serial.o(.data)
    state                                    0x40000004   Data           4  main.o(.data)
    cnt                                      0x40000008   Data           4  main.o(.data)
    rx_cnt                                   0x4000000c   Data           4  main.o(.data)
    is_origin_set                            0x40000010   Data           4  main.o(.data)
    is_valid_packet                          0x40000014   Data           4  main.o(.data)
    is_gpgll                                 0x40000018   Data           4  main.o(.data)
    is_active                                0x4000001c   Data           4  main.o(.data)
    name1                                    0x40000020   Data           6  gps_odometry.o(.data)
    rxdata                                   0x40000026   Data           1  gps_odometry.o(.data)
    idx                                      0x40000028   Data           4  gps_odometry.o(.data)
    idxsav                                   0x4000002c   Data           4  gps_odometry.o(.data)
    rbfull                                   0x40000030   Data           4  gps_odometry.o(.data)
    packet_name                              0x40000034   Data           6  gps_odometry.o(.data)
    latitude_degrees                         0x4000003c   Data           4  gps_odometry.o(.data)
    latitude_minutes                         0x40000040   Data           4  gps_odometry.o(.data)
    latitude_seconds                         0x40000048   Data           8  gps_odometry.o(.data)
    longitude_degrees                        0x40000050   Data           4  gps_odometry.o(.data)
    longitude_minutes                        0x40000054   Data           4  gps_odometry.o(.data)
    longitude_seconds                        0x40000058   Data           8  gps_odometry.o(.data)
    x_origin                                 0x40000060   Data           4  gps_odometry.o(.data)
    y_origin                                 0x40000064   Data           4  gps_odometry.o(.data)
    current_x                                0x40000068   Data           4  gps_odometry.o(.data)
    current_y                                0x4000006c   Data           4  gps_odometry.o(.data)
    __libspace_start                         0x40000070   Data          96  libspace.o(.bss)
    __temporary_stack_top_libspace           0x400000d0   Data           0  libspace.o(.bss)


================================================================================

Memory Map of the image

  Image Entry point : 0x00000120

  Load Region LR_IROM1 (Base: 0x00000000, Size: 0x00000dc8, Max: 0x00080000, ABSOLUTE)

    Execution Region ER_IROM1 (Base: 0x00000000, Size: 0x00000d58, Max: 0x00080000, ABSOLUTE)

    Base Addr    Size         Type   Attr      Idx    E Section Name        Object

    0x00000000   0x00000120   Code   RO            3    RESET               startup.o
    0x00000120   0x00000008   Code   RO          138  * !!!main             __main.o(c_t.l)
    0x00000128   0x0000003c   Code   RO          282    !!!scatter          __scatter.o(c_t.l)
    0x00000164   0x00000028   Code   RO          284    !!handler_copy      __scatter_copy.o(c_t.l)
    0x0000018c   0x0000002c   Code   RO          286    !!handler_zi        __scatter_zi.o(c_t.l)
    0x000001b8   0x00000004   Ven    RO          198    .emb_text           lib_init.o(c_t.l)
    0x000001bc   0x00000010   Code   RO          198    .emb_text           lib_init.o(c_t.l)
    0x000001cc   0x00000020   Code   RO            4    .text               startup.o
    0x000001ec   0x00000404   Code   RO           12    .text               serial.o
    0x000005f0   0x000000a0   Code   RO           32    .text               main.o
    0x00000690   0x0000028c   Code   RO           76    .text               global_adc_init.o
    0x0000091c   0x00000180   Code   RO          120    .text               aeabi_sdiv.o(c_t.l)
    0x00000a9c   0x00000040   Code   RO          136    .text               stkheap2.o(c_t.l)
    0x00000adc   0x00000068   Code   RO          164    .text               kernel.o(c_t.l)
    0x00000b44   0x00000060   Code   RO          167    .text               sys_stackheap_outer.o(c_t.l)
    0x00000ba4   0x00000010   Code   RO          176    .text               rt_stackheap_storage_intlibspace.o(c_t.l)
    0x00000bb4   0x00000018   Code   RO          187    .text               sys_exit.o(c_t.l)
    0x00000bcc   0x0000000c   Code   RO          189    .text               libspace.o(c_t.l)
    0x00000bd8   0x0000000c   Code   RO          194    .text               exit.o(c_t.l)
    0x00000be4   0x00000008   Ven    RO          199    .text               lib_init.o(c_t.l)
    0x00000bec   0x000000ce   Code   RO          199    .text               lib_init.o(c_t.l)
    0x00000cba   0x00000002   PAD
    0x00000cbc   0x0000000c   Code   RO          204    .text               boardinit2.o(c_t.l)
    0x00000cc8   0x00000010   Code   RO          206    .text               boardinit3.o(c_t.l)
    0x00000cd8   0x00000004   Code   RO          214    .text               use_no_semi.o(c_t.l)
    0x00000cdc   0x00000004   Ven    RO          219    .text               rt_locale_intlibspace.o(c_t.l)
    0x00000ce0   0x00000010   Code   RO          219    .text               rt_locale_intlibspace.o(c_t.l)
    0x00000cf0   0x00000006   Code   RO          229    .text               no_argv.o(c_t.l)
    0x00000cf6   0x00000002   PAD
    0x00000cf8   0x00000010   Code   RO          242    .text               rt_fp_status_addr_intlibspace.o(c_t.l)
    0x00000d08   0x0000000c   Ven    RO          292    Veneer$$Code        anon$$obj.o
    0x00000d14   0x00000008   Ven    RO          293    Veneer$$Code        anon$$obj.o
    0x00000d1c   0x00000004   Ven    RO          233    x$fpl$fpinit        fpinit.o(fz_ts.l)
    0x00000d20   0x00000018   Code   RO          233    x$fpl$fpinit        fpinit.o(fz_ts.l)
    0x00000d38   0x00000020   Data   RO          281    Region$$Table       anon$$obj.o


    Execution Region RW_IRAM1 (Base: 0x40000000, Size: 0x00000558, Max: 0x00008000, ABSOLUTE)

    Base Addr    Size         Type   Attr      Idx    E Section Name        Object

    0x40000000   0x00000004   Data   RW           13    .data               serial.o
    0x40000004   0x0000001c   Data   RW           33    .data               main.o
    0x40000020   0x00000050   Data   RW           63    .data               gps_odometry.o
    0x40000070   0x00000060   Zero   RW          190    .bss                libspace.o(c_t.l)
    0x400000d0   0x00000000   Zero   RW            2    HEAP                startup.o
    0x400000d0   0x00000488   Zero   RW            1    STACK               startup.o


================================================================================

Image component sizes


      Code (inc. data)   RO Data    RW Data    ZI Data      Debug   Object Name

       652         20          0          0          0       1080   global_adc_init.o
         0          0          0         80          0       3951   gps_odometry.o
       160         24          0         28          0        825   main.o
      1028         36          0          4          0       4936   serial.o
       320         64          0          0       1160        492   startup.o

    ------------------------------------------------------------------------
      2180        148         32        112       1160      11284   Object Totals
        20          4         32          0          0          0   (incl. Generated)
         0          0          0          0          0          0   (incl. Padding)

    ------------------------------------------------------------------------

      Code (inc. data)   RO Data    RW Data    ZI Data      Debug   Library Member Name

         8          0          0          0          0          0   __main.o
        60          8          0          0          0          0   __scatter.o
        40          0          0          0          0          0   __scatter_copy.o
        44          0          0          0          0          0   __scatter_zi.o
       384          0          0          0          0          0   aeabi_sdiv.o
        12          0          0          0          0          0   boardinit2.o
        16          0          0          0          0          0   boardinit3.o
        12          0          0          0          0          0   exit.o
        28          0          0          0          0          0   fpinit.o
       104          4          0          0          0          0   kernel.o
       234          4          0          0          0          0   lib_init.o
        12          4          0          0         96          0   libspace.o
         6          0          0          0          0          0   no_argv.o
        16          4          0          0          0          0   rt_fp_status_addr_intlibspace.o
        20          4          0          0          0          0   rt_locale_intlibspace.o
        16          4          0          0          0          0   rt_stackheap_storage_intlibspace.o
        64          0          0          0          0          0   stkheap2.o
        24          8          0          0          0          0   sys_exit.o
        96          0          0          0          0          0   sys_stackheap_outer.o
         4          0          0          0          0          0   use_no_semi.o

    ------------------------------------------------------------------------
      1204         40          0          0         96          0   Library Totals
         4          0          0          0          0          0   (incl. Padding)

    ------------------------------------------------------------------------

      Code (inc. data)   RO Data    RW Data    ZI Data      Debug   Library Name

      1172         40          0          0         96          0   c_t.l
        28          0          0          0          0          0   fz_ts.l

    ------------------------------------------------------------------------
      1204         40          0          0         96          0   Library Totals

    ------------------------------------------------------------------------

================================================================================


      Code (inc. data)   RO Data    RW Data    ZI Data      Debug   

      3384        188         32        112       1256      11284   Grand Totals
      3384        188         32        112       1256      11284   ELF Image Totals
      3384        188         32        112          0          0   ROM Totals

================================================================================

    Total RO  Size (Code + RO Data)                 3416 (   3.34kB)
    Total RW  Size (RW Data + ZI Data)              1368 (   1.34kB)
    Total ROM Size (Code + RO Data + RW Data)       3528 (   3.45kB)

================================================================================

