<html>
<body>
<pre>
<h1>µVision3 Build Log</h1>
<h2>Project:</h2>
D:\school_stuff_and_work\DIZERTATIE\modul_sonare_GPS\test\robot_gps_module.uv2
Project File Date:  09/18/2010

<h2>Output:</h2>
Build target 'robot_module'
assembling Startup.s...
creating preprocessor file for serial.c...
compiling serial.c...
creating preprocessor file for main.c...
compiling main.c...
main.c(29): warning:  #177-D: variable "val_mean" was declared but never referenced
main.c(31): warning:  #177-D: variable "converted_X_pos" was declared but never referenced
main.c(32): warning:  #177-D: variable "converted_Y_pos" was declared but never referenced
main.c(34): warning:  #177-D: variable "j" was declared but never referenced
creating preprocessor file for gps_odometry.c...
compiling gps_odometry.c...
creating preprocessor file for global_adc_init.c...
compiling global_adc_init.c...
creating preprocessor file for sonar_interface.c...
compiling sonar_interface.c...
creating preprocessor file for accelerometer_interface.c...
compiling accelerometer_interface.c...
creating preprocessor file for mapper.c...
compiling mapper.c...
linking...
Program Size: Code=2784 RO-data=32 RW-data=112 ZI-data=1256  
FromELF: creating hex file...
"gps.axf" - 0 Error(s), 4 Warning(s).
Build target 'robot_module'
assembling Startup.s...
creating preprocessor file for serial.c...
compiling serial.c...
creating preprocessor file for main.c...
compiling main.c...
main.c(62): warning:  #223-D: function "read_sonar" declared implicitly
main.c(29): warning:  #177-D: variable "val_mean" was declared but never referenced
main.c(31): warning:  #177-D: variable "converted_X_pos" was declared but never referenced
main.c(32): warning:  #177-D: variable "converted_Y_pos" was declared but never referenced
main.c(34): warning:  #177-D: variable "j" was declared but never referenced
creating preprocessor file for gps_odometry.c...
compiling gps_odometry.c...
creating preprocessor file for global_adc_init.c...
compiling global_adc_init.c...
creating preprocessor file for sonar_interface.c...
compiling sonar_interface.c...
creating preprocessor file for accelerometer_interface.c...
compiling accelerometer_interface.c...
creating preprocessor file for mapper.c...
compiling mapper.c...
linking...
gps.axf: Error: L6218E: Undefined symbol read_sonar (referred from main.o).
Target not created
Build target 'robot_module'
assembling Startup.s...
creating preprocessor file for serial.c...
compiling serial.c...
creating preprocessor file for main.c...
compiling main.c...
main.c(29): warning:  #177-D: variable "val_mean" was declared but never referenced
main.c(31): warning:  #177-D: variable "converted_X_pos" was declared but never referenced
main.c(32): warning:  #177-D: variable "converted_Y_pos" was declared but never referenced
main.c(34): warning:  #177-D: variable "j" was declared but never referenced
creating preprocessor file for gps_odometry.c...
compiling gps_odometry.c...
creating preprocessor file for global_adc_init.c...
compiling global_adc_init.c...
creating preprocessor file for sonar_interface.c...
compiling sonar_interface.c...
creating preprocessor file for accelerometer_interface.c...
compiling accelerometer_interface.c...
creating preprocessor file for mapper.c...
compiling mapper.c...
linking...
Program Size: Code=5064 RO-data=32 RW-data=112 ZI-data=1256  
FromELF: creating hex file...
"gps.axf" - 0 Error(s), 4 Warning(s).
Build target 'robot_module'
assembling Startup.s...
creating preprocessor file for serial.c...
compiling serial.c...
creating preprocessor file for main.c...
compiling main.c...
main.c(29): warning:  #177-D: variable "val_mean" was declared but never referenced
main.c(31): warning:  #177-D: variable "converted_X_pos" was declared but never referenced
main.c(32): warning:  #177-D: variable "converted_Y_pos" was declared but never referenced
main.c(34): warning:  #177-D: variable "j" was declared but never referenced
creating preprocessor file for gps_odometry.c...
compiling gps_odometry.c...
creating preprocessor file for global_adc_init.c...
compiling global_adc_init.c...
creating preprocessor file for sonar_interface.c...
compiling sonar_interface.c...
creating preprocessor file for accelerometer_interface.c...
compiling accelerometer_interface.c...
creating preprocessor file for mapper.c...
compiling mapper.c...
linking...
Program Size: Code=5068 RO-data=32 RW-data=112 ZI-data=1256  
FromELF: creating hex file...
"gps.axf" - 0 Error(s), 4 Warning(s).
Build target 'robot_module'
assembling Startup.s...
creating preprocessor file for serial.c...
compiling serial.c...
creating preprocessor file for main.c...
compiling main.c...
main.c(29): warning:  #177-D: variable "val_mean" was declared but never referenced
main.c(31): warning:  #177-D: variable "converted_X_pos" was declared but never referenced
main.c(32): warning:  #177-D: variable "converted_Y_pos" was declared but never referenced
main.c(34): warning:  #177-D: variable "j" was declared but never referenced
creating preprocessor file for gps_odometry.c...
compiling gps_odometry.c...
creating preprocessor file for global_adc_init.c...
compiling global_adc_init.c...
creating preprocessor file for sonar_interface.c...
compiling sonar_interface.c...
creating preprocessor file for accelerometer_interface.c...
compiling accelerometer_interface.c...
creating preprocessor file for mapper.c...
compiling mapper.c...
linking...
Program Size: Code=5068 RO-data=32 RW-data=112 ZI-data=1256  
FromELF: creating hex file...
"gps.axf" - 0 Error(s), 4 Warning(s).
Build target 'robot_module'
assembling Startup.s...
creating preprocessor file for serial.c...
compiling serial.c...
creating preprocessor file for main.c...
compiling main.c...
main.c(29): warning:  #177-D: variable "val_mean" was declared but never referenced
main.c(31): warning:  #177-D: variable "converted_X_pos" was declared but never referenced
main.c(32): warning:  #177-D: variable "converted_Y_pos" was declared but never referenced
main.c(34): warning:  #177-D: variable "j" was declared but never referenced
creating preprocessor file for gps_odometry.c...
compiling gps_odometry.c...
creating preprocessor file for global_adc_init.c...
compiling global_adc_init.c...
creating preprocessor file for sonar_interface.c...
compiling sonar_interface.c...
creating preprocessor file for accelerometer_interface.c...
compiling accelerometer_interface.c...
creating preprocessor file for mapper.c...
compiling mapper.c...
linking...
Program Size: Code=2784 RO-data=32 RW-data=112 ZI-data=1256  
FromELF: creating hex file...
"gps.axf" - 0 Error(s), 4 Warning(s).
Build target 'robot_module'
assembling Startup.s...
creating preprocessor file for serial.c...
compiling serial.c...
creating preprocessor file for main.c...
compiling main.c...
main.c(29): warning:  #177-D: variable "val_mean" was declared but never referenced
main.c(31): warning:  #177-D: variable "converted_X_pos" was declared but never referenced
main.c(32): warning:  #177-D: variable "converted_Y_pos" was declared but never referenced
main.c(34): warning:  #177-D: variable "j" was declared but never referenced
creating preprocessor file for gps_odometry.c...
compiling gps_odometry.c...
creating preprocessor file for global_adc_init.c...
compiling global_adc_init.c...
creating preprocessor file for sonar_interface.c...
compiling sonar_interface.c...
creating preprocessor file for accelerometer_interface.c...
compiling accelerometer_interface.c...
creating preprocessor file for mapper.c...
compiling mapper.c...
linking...
Program Size: Code=2784 RO-data=32 RW-data=112 ZI-data=1256  
FromELF: creating hex file...
"gps.axf" - 0 Error(s), 4 Warning(s).
Build target 'robot_module'
assembling Startup.s...
creating preprocessor file for serial.c...
compiling serial.c...
creating preprocessor file for main.c...
compiling main.c...
main.c(29): warning:  #177-D: variable "val_mean" was declared but never referenced
main.c(31): warning:  #177-D: variable "converted_X_pos" was declared but never referenced
main.c(32): warning:  #177-D: variable "converted_Y_pos" was declared but never referenced
main.c(34): warning:  #177-D: variable "j" was declared but never referenced
creating preprocessor file for gps_odometry.c...
compiling gps_odometry.c...
creating preprocessor file for global_adc_init.c...
compiling global_adc_init.c...
creating preprocessor file for sonar_interface.c...
compiling sonar_interface.c...
creating preprocessor file for accelerometer_interface.c...
compiling accelerometer_interface.c...
creating preprocessor file for mapper.c...
compiling mapper.c...
linking...
Program Size: Code=2784 RO-data=32 RW-data=112 ZI-data=1256  
FromELF: creating hex file...
"gps.axf" - 0 Error(s), 4 Warning(s).
Build target 'robot_module'
assembling Startup.s...
creating preprocessor file for serial.c...
compiling serial.c...
creating preprocessor file for main.c...
compiling main.c...
main.c(29): warning:  #177-D: variable "val_mean" was declared but never referenced
main.c(31): warning:  #177-D: variable "converted_X_pos" was declared but never referenced
main.c(32): warning:  #177-D: variable "converted_Y_pos" was declared but never referenced
main.c(34): warning:  #177-D: variable "j" was declared but never referenced
creating preprocessor file for gps_odometry.c...
compiling gps_odometry.c...
creating preprocessor file for global_adc_init.c...
compiling global_adc_init.c...
creating preprocessor file for sonar_interface.c...
compiling sonar_interface.c...
creating preprocessor file for accelerometer_interface.c...
compiling accelerometer_interface.c...
creating preprocessor file for mapper.c...
compiling mapper.c...
linking...
Program Size: Code=3116 RO-data=32 RW-data=112 ZI-data=1256  
FromELF: creating hex file...
"gps.axf" - 0 Error(s), 4 Warning(s).
Build target 'robot_module'
assembling Startup.s...
creating preprocessor file for serial.c...
compiling serial.c...
creating preprocessor file for main.c...
compiling main.c...
main.c(29): warning:  #177-D: variable "val_mean" was declared but never referenced
main.c(31): warning:  #177-D: variable "converted_X_pos" was declared but never referenced
main.c(32): warning:  #177-D: variable "converted_Y_pos" was declared but never referenced
main.c(34): warning:  #177-D: variable "j" was declared but never referenced
creating preprocessor file for gps_odometry.c...
compiling gps_odometry.c...
creating preprocessor file for global_adc_init.c...
compiling global_adc_init.c...
creating preprocessor file for sonar_interface.c...
compiling sonar_interface.c...
creating preprocessor file for accelerometer_interface.c...
compiling accelerometer_interface.c...
creating preprocessor file for mapper.c...
compiling mapper.c...
linking...
Program Size: Code=3116 RO-data=32 RW-data=112 ZI-data=1256  
FromELF: creating hex file...
"gps.axf" - 0 Error(s), 4 Warning(s).
Build target 'robot_module'
assembling Startup.s...
creating preprocessor file for serial.c...
compiling serial.c...
creating preprocessor file for main.c...
compiling main.c...
main.c(29): warning:  #177-D: variable "val_mean" was declared but never referenced
main.c(31): warning:  #177-D: variable "converted_X_pos" was declared but never referenced
main.c(32): warning:  #177-D: variable "converted_Y_pos" was declared but never referenced
main.c(34): warning:  #177-D: variable "j" was declared but never referenced
creating preprocessor file for gps_odometry.c...
compiling gps_odometry.c...
creating preprocessor file for global_adc_init.c...
compiling global_adc_init.c...
creating preprocessor file for sonar_interface.c...
compiling sonar_interface.c...
creating preprocessor file for accelerometer_interface.c...
compiling accelerometer_interface.c...
creating preprocessor file for mapper.c...
compiling mapper.c...
linking...
Program Size: Code=2976 RO-data=32 RW-data=112 ZI-data=1256  
FromELF: creating hex file...
"gps.axf" - 0 Error(s), 4 Warning(s).
Build target 'robot_module'
assembling Startup.s...
creating preprocessor file for serial.c...
compiling serial.c...
creating preprocessor file for main.c...
compiling main.c...
main.c(29): warning:  #177-D: variable "val_mean" was declared but never referenced
main.c(31): warning:  #177-D: variable "converted_X_pos" was declared but never referenced
main.c(32): warning:  #177-D: variable "converted_Y_pos" was declared but never referenced
main.c(34): warning:  #177-D: variable "j" was declared but never referenced
creating preprocessor file for gps_odometry.c...
compiling gps_odometry.c...
creating preprocessor file for global_adc_init.c...
compiling global_adc_init.c...
creating preprocessor file for sonar_interface.c...
compiling sonar_interface.c...
creating preprocessor file for accelerometer_interface.c...
compiling accelerometer_interface.c...
creating preprocessor file for mapper.c...
compiling mapper.c...
linking...
Program Size: Code=2984 RO-data=32 RW-data=112 ZI-data=1256  
FromELF: creating hex file...
"gps.axf" - 0 Error(s), 4 Warning(s).
Build target 'robot_module'
assembling Startup.s...
creating preprocessor file for serial.c...
compiling serial.c...
creating preprocessor file for main.c...
compiling main.c...
main.c(29): warning:  #177-D: variable "val_mean" was declared but never referenced
main.c(31): warning:  #177-D: variable "converted_X_pos" was declared but never referenced
main.c(32): warning:  #177-D: variable "converted_Y_pos" was declared but never referenced
main.c(34): warning:  #177-D: variable "j" was declared but never referenced
creating preprocessor file for gps_odometry.c...
compiling gps_odometry.c...
creating preprocessor file for global_adc_init.c...
compiling global_adc_init.c...
creating preprocessor file for sonar_interface.c...
compiling sonar_interface.c...
creating preprocessor file for accelerometer_interface.c...
compiling accelerometer_interface.c...
creating preprocessor file for mapper.c...
compiling mapper.c...
linking...
Program Size: Code=2976 RO-data=32 RW-data=112 ZI-data=1256  
FromELF: creating hex file...
"gps.axf" - 0 Error(s), 4 Warning(s).
Build target 'robot_module'
assembling Startup.s...
creating preprocessor file for serial.c...
compiling serial.c...
creating preprocessor file for main.c...
compiling main.c...
main.c(29): warning:  #177-D: variable "val_mean" was declared but never referenced
main.c(31): warning:  #177-D: variable "converted_X_pos" was declared but never referenced
main.c(32): warning:  #177-D: variable "converted_Y_pos" was declared but never referenced
main.c(34): warning:  #177-D: variable "j" was declared but never referenced
creating preprocessor file for gps_odometry.c...
compiling gps_odometry.c...
creating preprocessor file for global_adc_init.c...
compiling global_adc_init.c...
creating preprocessor file for sonar_interface.c...
compiling sonar_interface.c...
creating preprocessor file for accelerometer_interface.c...
compiling accelerometer_interface.c...
creating preprocessor file for mapper.c...
compiling mapper.c...
linking...
Program Size: Code=2984 RO-data=32 RW-data=112 ZI-data=1256  
FromELF: creating hex file...
"gps.axf" - 0 Error(s), 4 Warning(s).
Build target 'robot_module'
assembling Startup.s...
creating preprocessor file for serial.c...
serial.h(30): warning:  #1-D: last line of file ends without a newline
compiling serial.c...
serial.h(30): warning:  #1-D: last line of file ends without a newline
serial.c(195): error:  #20: identifier "hinib" is undefined
serial.c(196): error:  #20: identifier "lonib" is undefined
serial.c(202): error:  #20: identifier "hinib" is undefined
serial.c(203): error:  #20: identifier "lonib" is undefined
creating preprocessor file for main.c...
serial.h(30): warning:  #1-D: last line of file ends without a newline
compiling main.c...
serial.h(30): warning:  #1-D: last line of file ends without a newline
main.c(31): warning:  #177-D: variable "converted_X_pos" was declared but never referenced
main.c(32): warning:  #177-D: variable "converted_Y_pos" was declared but never referenced
main.c(34): warning:  #177-D: variable "k2" was declared but never referenced
main.c(34): warning:  #177-D: variable "j" was declared but never referenced
creating preprocessor file for gps_odometry.c...
compiling gps_odometry.c...
creating preprocessor file for global_adc_init.c...
compiling global_adc_init.c...
creating preprocessor file for sonar_interface.c...
compiling sonar_interface.c...
creating preprocessor file for accelerometer_interface.c...
compiling accelerometer_interface.c...
creating preprocessor file for mapper.c...
compiling mapper.c...
Target not created
Build target 'robot_module'
assembling Startup.s...
creating preprocessor file for serial.c...
serial.h(33): warning:  #1-D: last line of file ends without a newline
compiling serial.c...
serial.h(33): warning:  #1-D: last line of file ends without a newline
creating preprocessor file for main.c...
serial.h(33): warning:  #1-D: last line of file ends without a newline
compiling main.c...
serial.h(33): warning:  #1-D: last line of file ends without a newline
main.c(31): warning:  #177-D: variable "converted_X_pos" was declared but never referenced
main.c(32): warning:  #177-D: variable "converted_Y_pos" was declared but never referenced
main.c(34): warning:  #177-D: variable "k2" was declared but never referenced
main.c(34): warning:  #177-D: variable "j" was declared but never referenced
creating preprocessor file for gps_odometry.c...
compiling gps_odometry.c...
creating preprocessor file for global_adc_init.c...
compiling global_adc_init.c...
creating preprocessor file for sonar_interface.c...
compiling sonar_interface.c...
creating preprocessor file for accelerometer_interface.c...
compiling accelerometer_interface.c...
creating preprocessor file for mapper.c...
compiling mapper.c...
linking...
gps.axf: Error: L6200E: Symbol lonib multiply defined (by serial.o and main.o).
gps.axf: Error: L6200E: Symbol hinib multiply defined (by serial.o and main.o).
Target not created
Build target 'robot_module'
assembling Startup.s...
creating preprocessor file for serial.c...
compiling serial.c...
creating preprocessor file for main.c...
compiling main.c...
main.c(31): warning:  #177-D: variable "converted_X_pos" was declared but never referenced
main.c(32): warning:  #177-D: variable "converted_Y_pos" was declared but never referenced
main.c(34): warning:  #177-D: variable "k2" was declared but never referenced
main.c(34): warning:  #177-D: variable "j" was declared but never referenced
creating preprocessor file for gps_odometry.c...
compiling gps_odometry.c...
creating preprocessor file for global_adc_init.c...
compiling global_adc_init.c...
creating preprocessor file for sonar_interface.c...
compiling sonar_interface.c...
creating preprocessor file for accelerometer_interface.c...
compiling accelerometer_interface.c...
creating preprocessor file for mapper.c...
compiling mapper.c...
linking...
gps.axf: Error: L6200E: Symbol lonib multiply defined (by serial.o and main.o).
gps.axf: Error: L6200E: Symbol hinib multiply defined (by serial.o and main.o).
Target not created
Build target 'robot_module'
assembling Startup.s...
creating preprocessor file for serial.c...
compiling serial.c...
creating preprocessor file for main.c...
compiling main.c...
main.c(31): warning:  #177-D: variable "converted_X_pos" was declared but never referenced
main.c(32): warning:  #177-D: variable "converted_Y_pos" was declared but never referenced
main.c(34): warning:  #177-D: variable "k2" was declared but never referenced
main.c(34): warning:  #177-D: variable "j" was declared but never referenced
creating preprocessor file for gps_odometry.c...
compiling gps_odometry.c...
creating preprocessor file for global_adc_init.c...
compiling global_adc_init.c...
creating preprocessor file for sonar_interface.c...
compiling sonar_interface.c...
creating preprocessor file for accelerometer_interface.c...
compiling accelerometer_interface.c...
creating preprocessor file for mapper.c...
compiling mapper.c...
linking...
Program Size: Code=3052 RO-data=32 RW-data=112 ZI-data=1256  
FromELF: creating hex file...
"gps.axf" - 0 Error(s), 4 Warning(s).
Build target 'robot_module'
assembling Startup.s...
creating preprocessor file for serial.c...
compiling serial.c...
creating preprocessor file for main.c...
compiling main.c...
main.c(31): warning:  #177-D: variable "converted_X_pos" was declared but never referenced
main.c(32): warning:  #177-D: variable "converted_Y_pos" was declared but never referenced
main.c(34): warning:  #177-D: variable "k2" was declared but never referenced
main.c(34): warning:  #177-D: variable "j" was declared but never referenced
creating preprocessor file for gps_odometry.c...
compiling gps_odometry.c...
creating preprocessor file for global_adc_init.c...
compiling global_adc_init.c...
creating preprocessor file for sonar_interface.c...
compiling sonar_interface.c...
creating preprocessor file for accelerometer_interface.c...
compiling accelerometer_interface.c...
creating preprocessor file for mapper.c...
compiling mapper.c...
linking...
Program Size: Code=3052 RO-data=32 RW-data=112 ZI-data=1256  
FromELF: creating hex file...
"gps.axf" - 0 Error(s), 4 Warning(s).
Build target 'robot_module'
assembling Startup.s...
creating preprocessor file for serial.c...
compiling serial.c...
creating preprocessor file for main.c...
compiling main.c...
main.c(31): warning:  #177-D: variable "converted_X_pos" was declared but never referenced
main.c(32): warning:  #177-D: variable "converted_Y_pos" was declared but never referenced
main.c(34): warning:  #177-D: variable "k2" was declared but never referenced
main.c(34): warning:  #177-D: variable "j" was declared but never referenced
creating preprocessor file for gps_odometry.c...
compiling gps_odometry.c...
creating preprocessor file for global_adc_init.c...
compiling global_adc_init.c...
creating preprocessor file for sonar_interface.c...
compiling sonar_interface.c...
creating preprocessor file for accelerometer_interface.c...
compiling accelerometer_interface.c...
creating preprocessor file for mapper.c...
compiling mapper.c...
linking...
Program Size: Code=3068 RO-data=32 RW-data=112 ZI-data=1256  
FromELF: creating hex file...
"gps.axf" - 0 Error(s), 4 Warning(s).
Build target 'robot_module'
assembling Startup.s...
creating preprocessor file for serial.c...
compiling serial.c...
creating preprocessor file for main.c...
compiling main.c...
main.c(31): warning:  #177-D: variable "converted_X_pos" was declared but never referenced
main.c(32): warning:  #177-D: variable "converted_Y_pos" was declared but never referenced
main.c(34): warning:  #177-D: variable "k2" was declared but never referenced
main.c(34): warning:  #177-D: variable "j" was declared but never referenced
creating preprocessor file for gps_odometry.c...
compiling gps_odometry.c...
creating preprocessor file for global_adc_init.c...
compiling global_adc_init.c...
creating preprocessor file for sonar_interface.c...
compiling sonar_interface.c...
creating preprocessor file for accelerometer_interface.c...
compiling accelerometer_interface.c...
creating preprocessor file for mapper.c...
compiling mapper.c...
linking...
Program Size: Code=3068 RO-data=32 RW-data=112 ZI-data=1256  
FromELF: creating hex file...
"gps.axf" - 0 Error(s), 4 Warning(s).
Build target 'robot_module'
assembling Startup.s...
creating preprocessor file for serial.c...
compiling serial.c...
creating preprocessor file for main.c...
compiling main.c...
main.c(28): warning:  #550-D: variable "ch1" was set but never used
main.c(28): warning:  #550-D: variable "ch2" was set but never used
main.c(31): warning:  #177-D: variable "converted_X_pos" was declared but never referenced
main.c(32): warning:  #177-D: variable "converted_Y_pos" was declared but never referenced
main.c(34): warning:  #177-D: variable "k2" was declared but never referenced
main.c(34): warning:  #177-D: variable "j" was declared but never referenced
creating preprocessor file for gps_odometry.c...
compiling gps_odometry.c...
creating preprocessor file for global_adc_init.c...
compiling global_adc_init.c...
creating preprocessor file for sonar_interface.c...
compiling sonar_interface.c...
creating preprocessor file for accelerometer_interface.c...
compiling accelerometer_interface.c...
creating preprocessor file for mapper.c...
compiling mapper.c...
linking...
Program Size: Code=3040 RO-data=32 RW-data=112 ZI-data=1256  
FromELF: creating hex file...
"gps.axf" - 0 Error(s), 6 Warning(s).
Build target 'robot_module'
assembling Startup.s...
creating preprocessor file for serial.c...
compiling serial.c...
creating preprocessor file for main.c...
compiling main.c...
main.c(31): warning:  #177-D: variable "converted_X_pos" was declared but never referenced
main.c(32): warning:  #177-D: variable "converted_Y_pos" was declared but never referenced
main.c(34): warning:  #177-D: variable "k2" was declared but never referenced
main.c(34): warning:  #177-D: variable "j" was declared but never referenced
creating preprocessor file for gps_odometry.c...
compiling gps_odometry.c...
creating preprocessor file for global_adc_init.c...
compiling global_adc_init.c...
creating preprocessor file for sonar_interface.c...
compiling sonar_interface.c...
creating preprocessor file for accelerometer_interface.c...
compiling accelerometer_interface.c...
creating preprocessor file for mapper.c...
compiling mapper.c...
linking...
Program Size: Code=3048 RO-data=32 RW-data=112 ZI-data=1256  
FromELF: creating hex file...
"gps.axf" - 0 Error(s), 4 Warning(s).
Build target 'robot_module'
assembling Startup.s...
creating preprocessor file for serial.c...
compiling serial.c...
creating preprocessor file for main.c...
compiling main.c...
main.c(28): warning:  #550-D: variable "ch2" was set but never used
main.c(31): warning:  #177-D: variable "converted_X_pos" was declared but never referenced
main.c(32): warning:  #177-D: variable "converted_Y_pos" was declared but never referenced
main.c(34): warning:  #177-D: variable "k2" was declared but never referenced
main.c(34): warning:  #177-D: variable "j" was declared but never referenced
creating preprocessor file for gps_odometry.c...
compiling gps_odometry.c...
creating preprocessor file for global_adc_init.c...
compiling global_adc_init.c...
creating preprocessor file for sonar_interface.c...
compiling sonar_interface.c...
creating preprocessor file for accelerometer_interface.c...
compiling accelerometer_interface.c...
creating preprocessor file for mapper.c...
compiling mapper.c...
linking...
Program Size: Code=3056 RO-data=32 RW-data=112 ZI-data=1256  
FromELF: creating hex file...
"gps.axf" - 0 Error(s), 5 Warning(s).
Build target 'robot_module'
assembling Startup.s...
creating preprocessor file for serial.c...
compiling serial.c...
creating preprocessor file for main.c...
compiling main.c...
main.c(28): warning:  #550-D: variable "ch1" was set but never used
main.c(28): warning:  #550-D: variable "ch2" was set but never used
main.c(31): warning:  #177-D: variable "converted_X_pos" was declared but never referenced
main.c(32): warning:  #177-D: variable "converted_Y_pos" was declared but never referenced
main.c(34): warning:  #177-D: variable "k2" was declared but never referenced
main.c(34): warning:  #177-D: variable "j" was declared but never referenced
creating preprocessor file for gps_odometry.c...
compiling gps_odometry.c...
creating preprocessor file for global_adc_init.c...
compiling global_adc_init.c...
creating preprocessor file for sonar_interface.c...
compiling sonar_interface.c...
creating preprocessor file for accelerometer_interface.c...
compiling accelerometer_interface.c...
creating preprocessor file for mapper.c...
compiling mapper.c...
linking...
Program Size: Code=3040 RO-data=32 RW-data=112 ZI-data=1256  
FromELF: creating hex file...
"gps.axf" - 0 Error(s), 6 Warning(s).
Build target 'robot_module'
assembling Startup.s...
creating preprocessor file for serial.c...
compiling serial.c...
creating preprocessor file for main.c...
compiling main.c...
main.c(31): warning:  #177-D: variable "converted_X_pos" was declared but never referenced
main.c(32): warning:  #177-D: variable "converted_Y_pos" was declared but never referenced
main.c(34): warning:  #177-D: variable "k2" was declared but never referenced
main.c(34): warning:  #177-D: variable "j" was declared but never referenced
creating preprocessor file for gps_odometry.c...
compiling gps_odometry.c...
creating preprocessor file for global_adc_init.c...
compiling global_adc_init.c...
creating preprocessor file for sonar_interface.c...
compiling sonar_interface.c...
creating preprocessor file for accelerometer_interface.c...
compiling accelerometer_interface.c...
creating preprocessor file for mapper.c...
compiling mapper.c...
linking...
Program Size: Code=3068 RO-data=32 RW-data=112 ZI-data=1256  
FromELF: creating hex file...
"gps.axf" - 0 Error(s), 4 Warning(s).
Build target 'robot_module'
assembling Startup.s...
creating preprocessor file for serial.c...
compiling serial.c...
creating preprocessor file for main.c...
compiling main.c...
main.c(68): warning:  #223-D: function "putcher_uart0" declared implicitly
main.c(31): warning:  #177-D: variable "converted_X_pos" was declared but never referenced
main.c(32): warning:  #177-D: variable "converted_Y_pos" was declared but never referenced
main.c(34): warning:  #177-D: variable "k2" was declared but never referenced
main.c(34): warning:  #177-D: variable "j" was declared but never referenced
creating preprocessor file for gps_odometry.c...
compiling gps_odometry.c...
creating preprocessor file for global_adc_init.c...
compiling global_adc_init.c...
creating preprocessor file for sonar_interface.c...
compiling sonar_interface.c...
creating preprocessor file for accelerometer_interface.c...
compiling accelerometer_interface.c...
creating preprocessor file for mapper.c...
compiling mapper.c...
linking...
gps.axf: Error: L6218E: Undefined symbol putcher_uart0 (referred from main.o).
Target not created
Build target 'robot_module'
assembling Startup.s...
creating preprocessor file for serial.c...
compiling serial.c...
creating preprocessor file for main.c...
compiling main.c...
main.c(67): warning:  #223-D: function "putcher_uart0" declared implicitly
main.c(31): warning:  #177-D: variable "converted_X_pos" was declared but never referenced
main.c(32): warning:  #177-D: variable "converted_Y_pos" was declared but never referenced
main.c(34): warning:  #177-D: variable "k2" was declared but never referenced
main.c(34): warning:  #177-D: variable "j" was declared but never referenced
creating preprocessor file for gps_odometry.c...
compiling gps_odometry.c...
creating preprocessor file for global_adc_init.c...
compiling global_adc_init.c...
creating preprocessor file for sonar_interface.c...
compiling sonar_interface.c...
creating preprocessor file for accelerometer_interface.c...
compiling accelerometer_interface.c...
creating preprocessor file for mapper.c...
compiling mapper.c...
linking...
gps.axf: Error: L6218E: Undefined symbol putcher_uart0 (referred from main.o).
Target not created
Build target 'robot_module'
assembling Startup.s...
creating preprocessor file for serial.c...
compiling serial.c...
creating preprocessor file for main.c...
compiling main.c...
main.c(31): warning:  #177-D: variable "converted_X_pos" was declared but never referenced
main.c(32): warning:  #177-D: variable "converted_Y_pos" was declared but never referenced
main.c(34): warning:  #177-D: variable "k2" was declared but never referenced
main.c(34): warning:  #177-D: variable "j" was declared but never referenced
creating preprocessor file for gps_odometry.c...
compiling gps_odometry.c...
creating preprocessor file for global_adc_init.c...
compiling global_adc_init.c...
creating preprocessor file for sonar_interface.c...
compiling sonar_interface.c...
creating preprocessor file for accelerometer_interface.c...
compiling accelerometer_interface.c...
creating preprocessor file for mapper.c...
compiling mapper.c...
linking...
Program Size: Code=3060 RO-data=32 RW-data=112 ZI-data=1256  
FromELF: creating hex file...
"gps.axf" - 0 Error(s), 4 Warning(s).
Build target 'robot_module'
assembling Startup.s...
creating preprocessor file for serial.c...
compiling serial.c...
creating preprocessor file for main.c...
compiling main.c...
main.c(31): warning:  #177-D: variable "converted_X_pos" was declared but never referenced
main.c(32): warning:  #177-D: variable "converted_Y_pos" was declared but never referenced
main.c(34): warning:  #177-D: variable "k2" was declared but never referenced
main.c(34): warning:  #177-D: variable "j" was declared but never referenced
creating preprocessor file for gps_odometry.c...
compiling gps_odometry.c...
creating preprocessor file for global_adc_init.c...
compiling global_adc_init.c...
creating preprocessor file for sonar_interface.c...
compiling sonar_interface.c...
creating preprocessor file for accelerometer_interface.c...
compiling accelerometer_interface.c...
creating preprocessor file for mapper.c...
compiling mapper.c...
linking...
Program Size: Code=3056 RO-data=32 RW-data=112 ZI-data=1256  
FromELF: creating hex file...
"gps.axf" - 0 Error(s), 4 Warning(s).
Build target 'robot_module'
assembling Startup.s...
creating preprocessor file for serial.c...
compiling serial.c...
creating preprocessor file for main.c...
compiling main.c...
main.c(31): warning:  #177-D: variable "converted_X_pos" was declared but never referenced
main.c(32): warning:  #177-D: variable "converted_Y_pos" was declared but never referenced
main.c(34): warning:  #177-D: variable "k2" was declared but never referenced
main.c(34): warning:  #177-D: variable "j" was declared but never referenced
creating preprocessor file for gps_odometry.c...
compiling gps_odometry.c...
creating preprocessor file for global_adc_init.c...
compiling global_adc_init.c...
creating preprocessor file for sonar_interface.c...
compiling sonar_interface.c...
creating preprocessor file for accelerometer_interface.c...
compiling accelerometer_interface.c...
creating preprocessor file for mapper.c...
compiling mapper.c...
linking...
Program Size: Code=3056 RO-data=32 RW-data=112 ZI-data=1256  
FromELF: creating hex file...
"gps.axf" - 0 Error(s), 4 Warning(s).
Build target 'robot_module'
assembling Startup.s...
creating preprocessor file for serial.c...
compiling serial.c...
creating preprocessor file for main.c...
compiling main.c...
main.c(66): warning:  #223-D: function "uart0_send_ascii" declared implicitly
main.c(31): warning:  #177-D: variable "converted_X_pos" was declared but never referenced
main.c(32): warning:  #177-D: variable "converted_Y_pos" was declared but never referenced
main.c(34): warning:  #177-D: variable "k2" was declared but never referenced
main.c(34): warning:  #177-D: variable "j" was declared but never referenced
creating preprocessor file for gps_odometry.c...
compiling gps_odometry.c...
creating preprocessor file for global_adc_init.c...
compiling global_adc_init.c...
creating preprocessor file for sonar_interface.c...
compiling sonar_interface.c...
creating preprocessor file for accelerometer_interface.c...
compiling accelerometer_interface.c...
creating preprocessor file for mapper.c...
compiling mapper.c...
linking...
gps.axf: Error: L6218E: Undefined symbol ascii_convert (referred from serial.o).
Target not created
Build target 'robot_module'
assembling Startup.s...
creating preprocessor file for serial.c...
compiling serial.c...
serial.c(207): warning:  #223-D: function "ascii_convert" declared implicitly
serial.c(214): warning:  #223-D: function "ascii_convert" declared implicitly
creating preprocessor file for main.c...
compiling main.c...
main.c(66): warning:  #223-D: function "uart0_send_ascii" declared implicitly
main.c(31): warning:  #177-D: variable "converted_X_pos" was declared but never referenced
main.c(32): warning:  #177-D: variable "converted_Y_pos" was declared but never referenced
main.c(34): warning:  #177-D: variable "k2" was declared but never referenced
main.c(34): warning:  #177-D: variable "j" was declared but never referenced
creating preprocessor file for gps_odometry.c...
compiling gps_odometry.c...
creating preprocessor file for global_adc_init.c...
compiling global_adc_init.c...
creating preprocessor file for sonar_interface.c...
compiling sonar_interface.c...
creating preprocessor file for accelerometer_interface.c...
compiling accelerometer_interface.c...
creating preprocessor file for mapper.c...
compiling mapper.c...
linking...
gps.axf: Error: L6218E: Undefined symbol ascii_convert (referred from serial.o).
Target not created
Build target 'robot_module'
assembling Startup.s...
creating preprocessor file for serial.c...
compiling serial.c...
creating preprocessor file for main.c...
compiling main.c...
main.c(66): warning:  #223-D: function "uart0_send_ascii" declared implicitly
main.c(31): warning:  #177-D: variable "converted_X_pos" was declared but never referenced
main.c(32): warning:  #177-D: variable "converted_Y_pos" was declared but never referenced
main.c(34): warning:  #177-D: variable "k2" was declared but never referenced
main.c(34): warning:  #177-D: variable "j" was declared but never referenced
creating preprocessor file for gps_odometry.c...
compiling gps_odometry.c...
creating preprocessor file for global_adc_init.c...
compiling global_adc_init.c...
creating preprocessor file for sonar_interface.c...
compiling sonar_interface.c...
creating preprocessor file for accelerometer_interface.c...
compiling accelerometer_interface.c...
creating preprocessor file for mapper.c...
compiling mapper.c...
linking...
Program Size: Code=3216 RO-data=32 RW-data=112 ZI-data=1256  
FromELF: creating hex file...
"gps.axf" - 0 Error(s), 5 Warning(s).
Build target 'robot_module'
assembling Startup.s...
creating preprocessor file for serial.c...
compiling serial.c...
creating preprocessor file for main.c...
compiling main.c...
main.c(66): warning:  #223-D: function "uart0_send_ascii" declared implicitly
main.c(31): warning:  #177-D: variable "converted_X_pos" was declared but never referenced
main.c(32): warning:  #177-D: variable "converted_Y_pos" was declared but never referenced
main.c(34): warning:  #177-D: variable "k2" was declared but never referenced
main.c(34): warning:  #177-D: variable "j" was declared but never referenced
creating preprocessor file for gps_odometry.c...
compiling gps_odometry.c...
creating preprocessor file for global_adc_init.c...
compiling global_adc_init.c...
creating preprocessor file for sonar_interface.c...
compiling sonar_interface.c...
creating preprocessor file for accelerometer_interface.c...
compiling accelerometer_interface.c...
creating preprocessor file for mapper.c...
compiling mapper.c...
linking...
Program Size: Code=3216 RO-data=32 RW-data=112 ZI-data=1256  
FromELF: creating hex file...
"gps.axf" - 0 Error(s), 5 Warning(s).
Build target 'robot_module'
assembling Startup.s...
creating preprocessor file for serial.c...
compiling serial.c...
creating preprocessor file for main.c...
compiling main.c...
main.c(68): warning:  #223-D: function "uart0_send_ascii" declared implicitly
main.c(33): warning:  #177-D: variable "converted_X_pos" was declared but never referenced
main.c(34): warning:  #177-D: variable "converted_Y_pos" was declared but never referenced
main.c(36): warning:  #177-D: variable "k2" was declared but never referenced
main.c(36): warning:  #177-D: variable "j" was declared but never referenced
creating preprocessor file for gps_odometry.c...
compiling gps_odometry.c...
creating preprocessor file for global_adc_init.c...
compiling global_adc_init.c...
creating preprocessor file for sonar_interface.c...
compiling sonar_interface.c...
creating preprocessor file for accelerometer_interface.c...
compiling accelerometer_interface.c...
creating preprocessor file for mapper.c...
compiling mapper.c...
linking...
Program Size: Code=3212 RO-data=32 RW-data=112 ZI-data=1256  
FromELF: creating hex file...
"gps.axf" - 0 Error(s), 5 Warning(s).
Build target 'robot_module'
assembling Startup.s...
creating preprocessor file for serial.c...
compiling serial.c...
creating preprocessor file for main.c...
compiling main.c...
main.c(68): warning:  #223-D: function "uart0_send_ascii" declared implicitly
main.c(33): warning:  #177-D: variable "converted_X_pos" was declared but never referenced
main.c(34): warning:  #177-D: variable "converted_Y_pos" was declared but never referenced
main.c(36): warning:  #177-D: variable "k2" was declared but never referenced
main.c(36): warning:  #177-D: variable "j" was declared but never referenced
creating preprocessor file for gps_odometry.c...
compiling gps_odometry.c...
creating preprocessor file for global_adc_init.c...
compiling global_adc_init.c...
creating preprocessor file for sonar_interface.c...
compiling sonar_interface.c...
creating preprocessor file for accelerometer_interface.c...
compiling accelerometer_interface.c...
creating preprocessor file for mapper.c...
compiling mapper.c...
linking...
Program Size: Code=3220 RO-data=32 RW-data=112 ZI-data=1256  
FromELF: creating hex file...
"gps.axf" - 0 Error(s), 5 Warning(s).
Build target 'robot_module'
assembling Startup.s...
creating preprocessor file for serial.c...
compiling serial.c...
creating preprocessor file for main.c...
compiling main.c...
main.c(68): warning:  #223-D: function "uart0_send_ascii" declared implicitly
main.c(33): warning:  #177-D: variable "converted_X_pos" was declared but never referenced
main.c(34): warning:  #177-D: variable "converted_Y_pos" was declared but never referenced
main.c(36): warning:  #177-D: variable "k2" was declared but never referenced
main.c(36): warning:  #177-D: variable "j" was declared but never referenced
creating preprocessor file for gps_odometry.c...
compiling gps_odometry.c...
creating preprocessor file for global_adc_init.c...
compiling global_adc_init.c...
creating preprocessor file for sonar_interface.c...
compiling sonar_interface.c...
creating preprocessor file for accelerometer_interface.c...
compiling accelerometer_interface.c...
creating preprocessor file for mapper.c...
compiling mapper.c...
linking...
Program Size: Code=3212 RO-data=32 RW-data=112 ZI-data=1256  
FromELF: creating hex file...
"gps.axf" - 0 Error(s), 5 Warning(s).
Build target 'robot_module'
assembling Startup.s...
creating preprocessor file for serial.c...
compiling serial.c...
creating preprocessor file for main.c...
compiling main.c...
main.c(68): warning:  #223-D: function "uart0_send_ascii" declared implicitly
main.c(33): warning:  #177-D: variable "converted_X_pos" was declared but never referenced
main.c(34): warning:  #177-D: variable "converted_Y_pos" was declared but never referenced
main.c(36): warning:  #177-D: variable "k2" was declared but never referenced
main.c(36): warning:  #177-D: variable "j" was declared but never referenced
creating preprocessor file for gps_odometry.c...
compiling gps_odometry.c...
creating preprocessor file for global_adc_init.c...
compiling global_adc_init.c...
creating preprocessor file for sonar_interface.c...
compiling sonar_interface.c...
creating preprocessor file for accelerometer_interface.c...
compiling accelerometer_interface.c...
creating preprocessor file for mapper.c...
compiling mapper.c...
linking...
Program Size: Code=3204 RO-data=32 RW-data=112 ZI-data=1256  
FromELF: creating hex file...
"gps.axf" - 0 Error(s), 5 Warning(s).
Build target 'robot_module'
assembling Startup.s...
creating preprocessor file for serial.c...
compiling serial.c...
creating preprocessor file for main.c...
compiling main.c...
main.c(66): warning:  #223-D: function "ascii_send_uart0" declared implicitly
main.c(31): warning:  #550-D: variable "ch1" was set but never used
main.c(31): warning:  #550-D: variable "ch2" was set but never used
main.c(33): warning:  #177-D: variable "converted_X_pos" was declared but never referenced
main.c(34): warning:  #177-D: variable "converted_Y_pos" was declared but never referenced
main.c(36): warning:  #177-D: variable "k2" was declared but never referenced
main.c(36): warning:  #177-D: variable "j" was declared but never referenced
creating preprocessor file for gps_odometry.c...
compiling gps_odometry.c...
creating preprocessor file for global_adc_init.c...
compiling global_adc_init.c...
creating preprocessor file for sonar_interface.c...
compiling sonar_interface.c...
creating preprocessor file for accelerometer_interface.c...
compiling accelerometer_interface.c...
creating preprocessor file for mapper.c...
compiling mapper.c...
linking...
gps.axf: Error: L6218E: Undefined symbol ascii_send_uart0 (referred from main.o).
Target not created
Build target 'robot_module'
assembling Startup.s...
creating preprocessor file for serial.c...
compiling serial.c...
creating preprocessor file for main.c...
compiling main.c...
main.c(31): warning:  #550-D: variable "ch1" was set but never used
main.c(31): warning:  #550-D: variable "ch2" was set but never used
main.c(33): warning:  #177-D: variable "converted_X_pos" was declared but never referenced
main.c(34): warning:  #177-D: variable "converted_Y_pos" was declared but never referenced
main.c(36): warning:  #177-D: variable "k2" was declared but never referenced
main.c(36): warning:  #177-D: variable "j" was declared but never referenced
creating preprocessor file for gps_odometry.c...
compiling gps_odometry.c...
creating preprocessor file for global_adc_init.c...
compiling global_adc_init.c...
creating preprocessor file for sonar_interface.c...
compiling sonar_interface.c...
creating preprocessor file for accelerometer_interface.c...
compiling accelerometer_interface.c...
creating preprocessor file for mapper.c...
compiling mapper.c...
linking...
Program Size: Code=3196 RO-data=32 RW-data=112 ZI-data=1256  
FromELF: creating hex file...
"gps.axf" - 0 Error(s), 6 Warning(s).
Build target 'robot_module'
assembling Startup.s...
creating preprocessor file for serial.c...
compiling serial.c...
creating preprocessor file for main.c...
compiling main.c...
main.c(33): warning:  #177-D: variable "converted_X_pos" was declared but never referenced
main.c(34): warning:  #177-D: variable "converted_Y_pos" was declared but never referenced
main.c(36): warning:  #177-D: variable "k2" was declared but never referenced
main.c(36): warning:  #177-D: variable "j" was declared but never referenced
creating preprocessor file for gps_odometry.c...
compiling gps_odometry.c...
creating preprocessor file for global_adc_init.c...
compiling global_adc_init.c...
creating preprocessor file for sonar_interface.c...
compiling sonar_interface.c...
creating preprocessor file for accelerometer_interface.c...
compiling accelerometer_interface.c...
creating preprocessor file for mapper.c...
compiling mapper.c...
linking...
Program Size: Code=3200 RO-data=32 RW-data=112 ZI-data=1256  
FromELF: creating hex file...
"gps.axf" - 0 Error(s), 4 Warning(s).
Build target 'robot_module'
assembling Startup.s...
creating preprocessor file for serial.c...
compiling serial.c...
creating preprocessor file for main.c...
compiling main.c...
main.c(70): warning:  #223-D: function "delay" declared implicitly
main.c(35): warning:  #177-D: variable "converted_X_pos" was declared but never referenced
main.c(36): warning:  #177-D: variable "converted_Y_pos" was declared but never referenced
main.c(38): warning:  #177-D: variable "k2" was declared but never referenced
main.c(38): warning:  #177-D: variable "j" was declared but never referenced
creating preprocessor file for gps_odometry.c...
compiling gps_odometry.c...
creating preprocessor file for global_adc_init.c...
compiling global_adc_init.c...
creating preprocessor file for sonar_interface.c...
compiling sonar_interface.c...
creating preprocessor file for accelerometer_interface.c...
compiling accelerometer_interface.c...
creating preprocessor file for mapper.c...
compiling mapper.c...
linking...
gps.axf: Error: L6218E: Undefined symbol delay (referred from main.o).
Target not created
Build target 'robot_module'
assembling Startup.s...
creating preprocessor file for serial.c...
compiling serial.c...
creating preprocessor file for main.c...
compiling main.c...
main.c(35): warning:  #177-D: variable "converted_X_pos" was declared but never referenced
main.c(36): warning:  #177-D: variable "converted_Y_pos" was declared but never referenced
main.c(38): warning:  #177-D: variable "k2" was declared but never referenced
main.c(38): warning:  #177-D: variable "j" was declared but never referenced
creating preprocessor file for gps_odometry.c...
compiling gps_odometry.c...
creating preprocessor file for global_adc_init.c...
compiling global_adc_init.c...
creating preprocessor file for sonar_interface.c...
compiling sonar_interface.c...
creating preprocessor file for accelerometer_interface.c...
compiling accelerometer_interface.c...
creating preprocessor file for mapper.c...
compiling mapper.c...
linking...
Program Size: Code=14824 RO-data=244 RW-data=128 ZI-data=1464  
FromELF: creating hex file...
"gps.axf" - 0 Error(s), 4 Warning(s).
Build target 'robot_module'
assembling Startup.s...
creating preprocessor file for serial.c...
compiling serial.c...
creating preprocessor file for main.c...
compiling main.c...
main.c(32): warning:  #177-D: variable "volt" was declared but never referenced
main.c(34): warning:  #177-D: variable "converted_X_pos" was declared but never referenced
main.c(35): warning:  #177-D: variable "converted_Y_pos" was declared but never referenced
main.c(37): warning:  #177-D: variable "k2" was declared but never referenced
main.c(37): warning:  #177-D: variable "j" was declared but never referenced
creating preprocessor file for gps_odometry.c...
compiling gps_odometry.c...
creating preprocessor file for global_adc_init.c...
compiling global_adc_init.c...
creating preprocessor file for sonar_interface.c...
compiling sonar_interface.c...
creating preprocessor file for accelerometer_interface.c...
compiling accelerometer_interface.c...
creating preprocessor file for mapper.c...
compiling mapper.c...
linking...
Program Size: Code=3200 RO-data=32 RW-data=112 ZI-data=1256  
FromELF: creating hex file...
"gps.axf" - 0 Error(s), 5 Warning(s).
Build target 'robot_module'
assembling Startup.s...
creating preprocessor file for serial.c...
compiling serial.c...
creating preprocessor file for main.c...
compiling main.c...
main.c(33): warning:  #177-D: variable "converted_X_pos" was declared but never referenced
main.c(34): warning:  #177-D: variable "converted_Y_pos" was declared but never referenced
main.c(36): warning:  #177-D: variable "k2" was declared but never referenced
main.c(36): warning:  #177-D: variable "j" was declared but never referenced
creating preprocessor file for gps_odometry.c...
compiling gps_odometry.c...
creating preprocessor file for global_adc_init.c...
compiling global_adc_init.c...
creating preprocessor file for sonar_interface.c...
compiling sonar_interface.c...
creating preprocessor file for accelerometer_interface.c...
compiling accelerometer_interface.c...
creating preprocessor file for mapper.c...
compiling mapper.c...
linking...
Program Size: Code=3220 RO-data=32 RW-data=112 ZI-data=1256  
FromELF: creating hex file...
"gps.axf" - 0 Error(s), 4 Warning(s).
Build target 'robot_module'
assembling Startup.s...
creating preprocessor file for serial.c...
compiling serial.c...
creating preprocessor file for main.c...
compiling main.c...
main.c(33): warning:  #177-D: variable "converted_X_pos" was declared but never referenced
main.c(34): warning:  #177-D: variable "converted_Y_pos" was declared but never referenced
main.c(36): warning:  #177-D: variable "k2" was declared but never referenced
main.c(36): warning:  #177-D: variable "j" was declared but never referenced
creating preprocessor file for gps_odometry.c...
compiling gps_odometry.c...
creating preprocessor file for global_adc_init.c...
compiling global_adc_init.c...
global_adc_init.c(68): error:  #112: expected "while"
global_adc_init.c(102): warning:  #12-D: parsing restarts here after previous syntax error
global_adc_init.c(102): error:  #125: expected a "("
global_adc_init.c(102): error:  #29: expected an expression
global_adc_init.c(102): error:  #18: expected a ")"
global_adc_init.c(102): error:  #65: expected a ";"
global_adc_init.c(103): error:  #169: expected a declaration
global_adc_init.c(104): error:  #169: expected a declaration
global_adc_init.c(105): error:  #169: expected a declaration
global_adc_init.c(113): warning: At end of source:  #12-D: parsing restarts here after previous syntax error
creating preprocessor file for sonar_interface.c...
compiling sonar_interface.c...
creating preprocessor file for accelerometer_interface.c...
compiling accelerometer_interface.c...
creating preprocessor file for mapper.c...
compiling mapper.c...
Target not created
Build target 'robot_module'
assembling Startup.s...
creating preprocessor file for serial.c...
compiling serial.c...
creating preprocessor file for main.c...
compiling main.c...
main.c(33): warning:  #177-D: variable "converted_X_pos" was declared but never referenced
main.c(34): warning:  #177-D: variable "converted_Y_pos" was declared but never referenced
main.c(36): warning:  #177-D: variable "k2" was declared but never referenced
main.c(36): warning:  #177-D: variable "j" was declared but never referenced
creating preprocessor file for gps_odometry.c...
compiling gps_odometry.c...
creating preprocessor file for global_adc_init.c...
compiling global_adc_init.c...
creating preprocessor file for sonar_interface.c...
compiling sonar_interface.c...
creating preprocessor file for accelerometer_interface.c...
compiling accelerometer_interface.c...
creating preprocessor file for mapper.c...
compiling mapper.c...
linking...
Program Size: Code=3384 RO-data=32 RW-data=112 ZI-data=1256  
FromELF: creating hex file...
"gps.axf" - 0 Error(s), 4 Warning(s).
