ARM Linker, RVCT3.1 [Build 939] for uVision [Standard]

================================================================================

Section Cross References

    startup.o(STACK) refers (Special) to stkheap2.o(.text) for __use_two_region_memory
    startup.o(HEAP) refers (Special) to stkheap2.o(.text) for __use_two_region_memory
    startup.o(RESET) refers to startup.o(STACK) for Stack_Top
    startup.o(RESET) refers to __main.o(!!!main) for __main
    startup.o(RESET) refers (Special) to stkheap2.o(.text) for __use_two_region_memory
    startup.o(.text) refers to startup.o(HEAP) for Heap_Mem
    startup.o(.text) refers to startup.o(STACK) for Stack_Mem
    startup.o(.text) refers (Special) to stkheap2.o(.text) for __use_two_region_memory
    serial.o(.text) refers to aeabi_sdiv.o(.text) for __aeabi_idivmod
    main.o(.text) refers to serial.o(.text) for putchar_UART1
    main.o(.text) refers to main.o(.bss) for buff
    main.o(.text) refers to main.o(.data) for idx
    aeabi_sdiv.o(.text_udiv) refers to aeabi_sdiv.o(.text) for __arm_div4
    aeabi_sdiv_div0.o(.text_udiv) refers to aeabi_sdiv_div0.o(.text) for __arm_div4
    stkheap2.o(.text) refers to sys_stackheap_outer.o(.text) for __user_setup_stackheap
    stkheap2.o(.text) refers to rt_stackheap_storage_intlibspace.o(.text) for __rt_stackheap_storage
    __main.o(!!!main) refers to kernel.o(.text) for __rt_entry
    kernel.o(.text) refers to stkheap2.o(.text) for __rt_stackheap_init
    kernel.o(.text) refers to boardinit2.o(.text) for _platform_post_stackheap_init
    kernel.o(.text) refers to lib_init.o(.text) for __rt_lib_init
    kernel.o(.text) refers to boardinit3.o(.text) for _platform_post_lib_init
    kernel.o(.text) refers to exit.o(.text) for exit
    kernel.o(.text) refers to main.o(.text) for main
    kernel.o(.text) refers to sys_exit.o(.text) for _sys_exit
    kernel.o(.ARM.exidx) refers to kernel.o(.text) for __rt_entry
    sys_stackheap_outer.o(.text) refers to libspace.o(.text) for __user_perproc_libspace
    sys_stackheap_outer.o(.text) refers to startup.o(.text) for __user_initial_stackheap
    aeabi_idiv0_sigfpe.o(.text) refers to rt_div0.o(.text) for __rt_div0
    rt_stackheap_storage.o(.text) refers to rt_stackheap_storage.o(.bss) for __rt_stackheap_storage_data
    rt_stackheap_storage_intlibspace.o(.text) refers to libspace.o(.bss) for __libspace_start
    sys_exit.o(.text) refers to use_no_semi.o(.text) for __I_use_semihosting
    libspace.o(.text) refers to libspace.o(.bss) for __libspace_start
    rt_div0.o(.text) refers to defsig_fpe_outer.o(.text) for __rt_SIGFPE
    exit.o(.text) refers to kernel.o(.text) for __rt_exit
    stkheap1.o(.text) refers to sys_stackheap_outer.o(.text) for __user_setup_stackheap
    stkheap1.o(.text) refers to rt_stackheap_storage_intlibspace.o(.text) for __rt_stackheap_storage
    lib_init.o(.emb_text) refers to no_argv.o(.text) for __ARM_get_argv
    lib_init.o(.text) refers to fpinit.o(x$fpl$fpinit) for _fp_init
    lib_init.o(.text) refers to lib_init.o(.emb_text) for __ARM_argv_veneer
    lib_init.o(.text) refers to rt_locale_intlibspace.o(.text) for __rt_locale
    rt_locale.o(.text) refers to rt_locale.o(.bss) for __rt_locale_data
    rt_locale_intlibspace.o(.text) refers to libspace.o(.bss) for __libspace_start
    defsig_fpe_outer.o(.text) refers to defsig_fpe_inner.o(.text) for __rt_SIGFPE_inner
    defsig_fpe_outer.o(.text) refers to defsig_exit.o(.text) for __sig_exit
    defsig_fpe_formal.o(.text) refers to rt_raise.o(.text) for __rt_raise
    _get_argv.o(.text) refers to heapext.o(.text) for __heap_extend
    _get_argv.o(.text) refers to defsig_rtmem_outer.o(.text) for __rt_SIGRTMEM
    _get_argv.o(.text) refers to sys_command.o(.text) for _sys_command_string
    _get_argv.o(.text) refers (Special) to hrguard.o(.text) for __heap_region_guard
    fpinit.o(x$fpl$fpinit) refers to rt_fp_status_addr_intlibspace.o(.text) for __rt_fp_status_addr
    sys_command.o(.text) refers (Special) to use_no_semi.o(.text) for __I_use_semihosting
    rt_raise.o(.text) refers to __raise.o(.text) for __raise
    rt_raise.o(.text) refers to sys_exit.o(.text) for _sys_exit
    rt_fp_status_addr.o(.text) refers to rt_fp_status_addr.o(.bss) for __rt_fp_status_addr_data
    rt_fp_status_addr_intlibspace.o(.text) refers to libspace.o(.bss) for __libspace_start
    defsig.o(CL$$defsig) refers to defsig_fpe_inner.o(.text) for __rt_SIGFPE_inner
    defsig.o(CL$$defsig) refers to defsig_rtmem_inner.o(.text) for __rt_SIGRTMEM_inner
    defsig_exit.o(.text) refers to sys_exit.o(.text) for _sys_exit
    defsig_fpe_inner.o(.text) refers to defsig_general.o(.text) for __default_signal_display
    defsig_rtmem_outer.o(.text) refers to defsig_rtmem_inner.o(.text) for __rt_SIGRTMEM_inner
    defsig_rtmem_outer.o(.text) refers to defsig_exit.o(.text) for __sig_exit
    defsig_rtmem_formal.o(.text) refers to rt_raise.o(.text) for __rt_raise
    heapext.o(.text) refers to stkheap2.o(.text) for __rt_heap_extend
    __raise.o(.text) refers to defsig.o(CL$$defsig) for __default_signal_handler
    __raise.o(.text) refers to callvia.o(.text) for __ARM_call_via_r2
    defsig_general.o(.text) refers to sys_wrch.o(.text) for _ttywrch
    defsig_abrt_inner.o(.text) refers to defsig_general.o(.text) for __default_signal_display
    defsig_rtred_inner.o(.text) refers to defsig_general.o(.text) for __default_signal_display
    defsig_rtmem_inner.o(.text) refers to defsig_general.o(.text) for __default_signal_display
    defsig_stak_inner.o(.text) refers to defsig_general.o(.text) for __default_signal_display
    defsig_pvfn_inner.o(.text) refers to defsig_general.o(.text) for __default_signal_display
    defsig_cppl_inner.o(.text) refers to defsig_general.o(.text) for __default_signal_display
    defsig_segv_inner.o(.text) refers to defsig_general.o(.text) for __default_signal_display
    defsig_other.o(.text) refers to defsig_general.o(.text) for __default_signal_display
    sys_wrch.o(.text) refers (Special) to use_no_semi.o(.text) for __I_use_semihosting


================================================================================

Adding Veneers to the image

    Adding TA veneer (8 bytes, Short) for call to '__rt_exit' from exit.o(.text).
    Adding AT veneer (12 bytes, Long) for call to '__rt_lib_shutdown' from kernel.o(.text).
    Adding TA veneer (4 bytes, Inline) for call to '_fp_init' from lib_init.o(.text).
    Adding TA veneer (4 bytes, Inline) for call to '__rt_locale' from lib_init.o(.text).
    Adding AT veneer (8 bytes, Inline) for call to '__rt_lib_init' from kernel.o(.text).
    Adding TA veneer (4 bytes, Inline) for call to '__ARM_argv_veneer' from lib_init.o(.text).

6 Veneer(s) (total 40 bytes) added to the image.

================================================================================

Image Symbol Table

    Local Symbols

    Symbol Name                              Value     Ov Type        Size  Object(Section)

    RESET                                    0x00000000   Section      288  startup.o(RESET)
    ../../angel/boardlib.s                   0x00000000   Number         0  boardinit1.o ABSOLUTE
    ../../angel/boardlib.s                   0x00000000   Number         0  boardinit2.o ABSOLUTE
    ../../angel/boardlib.s                   0x00000000   Number         0  boardinit3.o ABSOLUTE
    ../../angel/boardlib.s                   0x00000000   Number         0  boardshut.o ABSOLUTE
    ../../angel/boardlib.s                   0x00000000   Number         0  cpuinit.o ABSOLUTE
    ../../angel/handlers.s                   0x00000000   Number         0  __scatter_zi.o ABSOLUTE
    ../../angel/handlers.s                   0x00000000   Number         0  __scatter_copy.o ABSOLUTE
    ../../angel/kernel.s                     0x00000000   Number         0  kernel.o ABSOLUTE
    ../../angel/rt.s                         0x00000000   Number         0  rt_fp_status_addr_intlibspace.o ABSOLUTE
    ../../angel/rt.s                         0x00000000   Number         0  rt_stackheap_storage_intlibspace.o ABSOLUTE
    ../../angel/rt.s                         0x00000000   Number         0  rt_stackheap_storage.o ABSOLUTE
    ../../angel/rt.s                         0x00000000   Number         0  aeabi_idiv0_sigfpe.o ABSOLUTE
    ../../angel/rt.s                         0x00000000   Number         0  aeabi_idiv0.o ABSOLUTE
    ../../angel/rt.s                         0x00000000   Number         0  rt_locale.o ABSOLUTE
    ../../angel/rt.s                         0x00000000   Number         0  rt_locale_intlibspace.o ABSOLUTE
    ../../angel/rt.s                         0x00000000   Number         0  rt_fp_status_addr.o ABSOLUTE
    ../../angel/rt.s                         0x00000000   Number         0  rt_raise.o ABSOLUTE
    ../../angel/rt.s                         0x00000000   Number         0  rt_div0.o ABSOLUTE
    ../../angel/scatter.s                    0x00000000   Number         0  __scatter.o ABSOLUTE
    ../../angel/startup.s                    0x00000000   Number         0  __main.o ABSOLUTE
    ../../angel/sys.s                        0x00000000   Number         0  sys_exit.o ABSOLUTE
    ../../angel/sys.s                        0x00000000   Number         0  libspace.o ABSOLUTE
    ../../angel/sys.s                        0x00000000   Number         0  sys_stackheap_outer.o ABSOLUTE
    ../../angel/sys.s                        0x00000000   Number         0  use_no_semi.o ABSOLUTE
    ../../angel/sysapp.c                     0x00000000   Number         0  sys_command.o ABSOLUTE
    ../../angel/sysapp.c                     0x00000000   Number         0  sys_wrch.o ABSOLUTE
    ../../armsys.c                           0x00000000   Number         0  lib_init.o ABSOLUTE
    ../../armsys.c                           0x00000000   Number         0  _get_argv.o ABSOLUTE
    ../../armsys.c                           0x00000000   Number         0  no_argv.o ABSOLUTE
    ../../armsys.c                           0x00000000   Number         0  lib_init.o ABSOLUTE
    ../../division.s                         0x00000000   Number         0  aeabi_sdiv.o ABSOLUTE
    ../../division.s                         0x00000000   Number         0  aeabi_sdiv_div0.o ABSOLUTE
    ../../divrt.s                            0x00000000   Number         0  divrt_7tdmi_div0.o ABSOLUTE
    ../../divrt.s                            0x00000000   Number         0  divrt_7tdmi.o ABSOLUTE
    ../../fpinit.s                           0x00000000   Number         0  fpinit.o ABSOLUTE
    ../../heapalloc.c                        0x00000000   Number         0  hrguard.o ABSOLUTE
    ../../signal.c                           0x00000000   Number         0  defsig_fpe_inner.o ABSOLUTE
    ../../signal.c                           0x00000000   Number         0  defsig_rtmem_outer.o ABSOLUTE
    ../../signal.c                           0x00000000   Number         0  defsig_rtmem_formal.o ABSOLUTE
    ../../signal.c                           0x00000000   Number         0  __raise.o ABSOLUTE
    ../../signal.c                           0x00000000   Number         0  defsig_abrt_inner.o ABSOLUTE
    ../../signal.c                           0x00000000   Number         0  defsig_rtred_inner.o ABSOLUTE
    ../../signal.c                           0x00000000   Number         0  defsig_stak_inner.o ABSOLUTE
    ../../signal.c                           0x00000000   Number         0  defsig_pvfn_inner.o ABSOLUTE
    ../../signal.c                           0x00000000   Number         0  defsig_cppl_inner.o ABSOLUTE
    ../../signal.c                           0x00000000   Number         0  defsig_fpe_outer.o ABSOLUTE
    ../../signal.c                           0x00000000   Number         0  defsig_fpe_formal.o ABSOLUTE
    ../../signal.c                           0x00000000   Number         0  defsig_general.o ABSOLUTE
    ../../signal.c                           0x00000000   Number         0  defsig_segv_inner.o ABSOLUTE
    ../../signal.c                           0x00000000   Number         0  defsig_other.o ABSOLUTE
    ../../signal.c                           0x00000000   Number         0  defsig_exit.o ABSOLUTE
    ../../signal.c                           0x00000000   Number         0  defsig_rtmem_inner.o ABSOLUTE
    ../../signal.s                           0x00000000   Number         0  defsig.o ABSOLUTE
    ../../stdlib.c                           0x00000000   Number         0  exit.o ABSOLUTE
    ../../stkheap.s                          0x00000000   Number         0  heapext.o ABSOLUTE
    ../../stkheap1.s                         0x00000000   Number         0  stkheap1.o ABSOLUTE
    ../../stkheap2.s                         0x00000000   Number         0  stkheap2.o ABSOLUTE
    ../../unhosted.s                         0x00000000   Number         0  callvia.o ABSOLUTE
    Startup.s                                0x00000000   Number         0  startup.o ABSOLUTE
    dc.s                                     0x00000000   Number         0  dc.o ABSOLUTE
    main.c                                   0x00000000   Number         0  main.o ABSOLUTE
    serial.c                                 0x00000000   Number         0  serial.o ABSOLUTE
    Undef_Handler                            0x00000040   ARM Code       4  startup.o(RESET)
    SWI_Handler                              0x00000044   ARM Code       4  startup.o(RESET)
    PAbt_Handler                             0x00000048   ARM Code       4  startup.o(RESET)
    DAbt_Handler                             0x0000004c   ARM Code       4  startup.o(RESET)
    IRQ_Handler                              0x00000050   ARM Code       4  startup.o(RESET)
    FIQ_Handler                              0x00000054   ARM Code       4  startup.o(RESET)
    !!!main                                  0x00000120   Section        8  __main.o(!!!main)
    !!!scatter                               0x00000128   Section       60  __scatter.o(!!!scatter)
    !!handler_copy                           0x00000164   Section       40  __scatter_copy.o(!!handler_copy)
    !!handler_zi                             0x0000018c   Section       44  __scatter_zi.o(!!handler_zi)
    .emb_text                                0x000001bc   Section       16  lib_init.o(.emb_text)
    .text                                    0x000001cc   Section       32  startup.o(.text)
    .text                                    0x000001ec   Section      596  serial.o(.text)
    .text                                    0x00000440   Section      124  main.o(.text)
    .text                                    0x000004bc   Section      384  aeabi_sdiv.o(.text)
    __arm_div8                               0x000004e8   ARM Code       0  aeabi_sdiv.o(.text)
    __arm_div4                               0x00000518   ARM Code       0  aeabi_sdiv.o(.text)
    __arm_div_large                          0x0000056c   ARM Code       0  aeabi_sdiv.o(.text)
    .text                                    0x0000063c   Section       64  stkheap2.o(.text)
    .text                                    0x0000067c   Section      104  kernel.o(.text)
    .text                                    0x000006e4   Section       96  sys_stackheap_outer.o(.text)
    .text                                    0x00000744   Section       16  rt_stackheap_storage_intlibspace.o(.text)
    .text                                    0x00000754   Section       24  sys_exit.o(.text)
    .text                                    0x0000076c   Section       12  libspace.o(.text)
    .text                                    0x00000778   Section       12  exit.o(.text)
    .text                                    0x0000078c   Section      206  lib_init.o(.text)
    .text                                    0x0000085c   Section       12  boardinit2.o(.text)
    .text                                    0x00000868   Section       16  boardinit3.o(.text)
    .text                                    0x00000878   Section        4  use_no_semi.o(.text)
    .text                                    0x00000880   Section       16  rt_locale_intlibspace.o(.text)
    .text                                    0x00000890   Section        6  no_argv.o(.text)
    .text                                    0x00000898   Section       16  rt_fp_status_addr_intlibspace.o(.text)
    x$fpl$fpinit                             0x000008c0   Section       24  fpinit.o(x$fpl$fpinit)
    .data                                    0x40000000   Section        8  main.o(.data)
    .bss                                     0x40000008   Section      256  main.o(.bss)
    .bss                                     0x40000108   Section       96  libspace.o(.bss)
    HEAP                                     0x40000168   Number         0  startup.o(HEAP)
    STACK                                    0x40000168   Section     1160  startup.o(STACK)
    Heap_Mem                                 0x40000168   Number         0  startup.o(HEAP)
    Stack_Mem                                0x40000168   Data        1160  startup.o(STACK)
    Stack_Top                                0x400005f0   Number         0  startup.o(STACK)

    Global Symbols

    Symbol Name                              Value     Ov Type        Size  Object(Section)

    BuildAttributes$$THM_ISAv1$ARM_ISAv4$M$S$PE$A:L22$X:L11$S22$IEEE1$IW$USESV6$~STKCKD$USESV7$~SHL$OSPACE$EBA8$STANDARDLIB$REQ8$PRES8$EABIv2 0x00000000   Number         0  anon$$obj.o ABSOLUTE
    __ARM_use_no_argv                        0x00000000   Number         0  main.o ABSOLUTE
    __ARM_exceptions_init                     - Undefined Weak Reference
    __Heap_DescSize                           - Undefined Weak Reference
    __alloca_initialize                       - Undefined Weak Reference
    __cpp_initialize__aeabi_                  - Undefined Weak Reference
    __cxa_finalize                            - Undefined Weak Reference
    __sigvec_lookup                           - Undefined Weak Reference
    __user_heap_extend                        - Undefined Weak Reference
    _atexit_init                              - Undefined Weak Reference
    _call_atexit_fns                          - Undefined Weak Reference
    _clock_init                               - Undefined Weak Reference
    _fp_trap_init                             - Undefined Weak Reference
    _get_lc_collate                           - Undefined Weak Reference
    _get_lc_ctype                             - Undefined Weak Reference
    _get_lc_monetary                          - Undefined Weak Reference
    _get_lc_numeric                           - Undefined Weak Reference
    _get_lc_time                              - Undefined Weak Reference
    _getenv_init                              - Undefined Weak Reference
    _handle_redirection                       - Undefined Weak Reference
    _init_alloc                               - Undefined Weak Reference
    _init_user_alloc                          - Undefined Weak Reference
    _initio                                   - Undefined Weak Reference
    _rand_init                                - Undefined Weak Reference
    _signal_init                              - Undefined Weak Reference
    _terminate_user_alloc                     - Undefined Weak Reference
    _terminateio                              - Undefined Weak Reference
    Reset_Handler                            0x00000058   ARM Code       0  startup.o(RESET)
    __main                                   0x00000120   ARM Code       8  __main.o(!!!main)
    __scatterload                            0x00000128   ARM Code       0  __scatter.o(!!!scatter)
    __scatterload_rt2                        0x00000128   ARM Code      52  __scatter.o(!!!scatter)
    __scatterload_null                       0x0000013c   ARM Code       0  __scatter.o(!!!scatter)
    __scatterload_copy                       0x00000164   ARM Code      40  __scatter_copy.o(!!handler_copy)
    __scatterload_zeroinit                   0x0000018c   ARM Code      44  __scatter_zi.o(!!handler_zi)
    Inline Thumb to ARM Veneer to __ARM_argv_veneer 0x000001b9   Thumb Code     0  lib_init.o(.emb_text)
    __ARM_argv_veneer                        0x000001bc   ARM Code      16  lib_init.o(.emb_text)
    __user_initial_stackheap                 0x000001cc   ARM Code       0  startup.o(.text)
    get_proc_clk                             0x000001ec   ARM Code      88  serial.o(.text)
    get_peripheral_clk                       0x00000244   ARM Code     104  serial.o(.text)
    init_UART0                               0x000002ac   ARM Code      80  serial.o(.text)
    init_UART1                               0x000002fc   ARM Code      80  serial.o(.text)
    putchar_UART0                            0x0000034c   ARM Code      80  serial.o(.text)
    putchar_UART1                            0x0000039c   ARM Code      80  serial.o(.text)
    getchar_UART0                            0x000003ec   ARM Code      32  serial.o(.text)
    getchar_UART1                            0x0000040c   ARM Code      32  serial.o(.text)
    main                                     0x00000440   ARM Code     112  main.o(.text)
    __aeabi_idiv                             0x000004bc   ARM Code       0  aeabi_sdiv.o(.text)
    __aeabi_idivmod                          0x000004bc   ARM Code     384  aeabi_sdiv.o(.text)
    __use_two_region_memory                  0x0000063c   ARM Code       4  stkheap2.o(.text)
    __rt_stackheap_init                      0x00000640   ARM Code      36  stkheap2.o(.text)
    __rt_heap_extend                         0x00000664   ARM Code      24  stkheap2.o(.text)
    __rt_entry                               0x0000067c   ARM Code      76  kernel.o(.text)
    __rt_exit                                0x000006c8   ARM Code      20  kernel.o(.text)
    __rt_abort                               0x000006dc   ARM Code       8  kernel.o(.text)
    __user_setup_stackheap                   0x000006e4   ARM Code      96  sys_stackheap_outer.o(.text)
    __rt_stackheap_storage                   0x00000744   ARM Code      12  rt_stackheap_storage_intlibspace.o(.text)
    _sys_exit                                0x00000754   ARM Code      20  sys_exit.o(.text)
    __user_libspace                          0x0000076c   ARM Code       8  libspace.o(.text)
    __user_perproc_libspace                  0x0000076c   ARM Code       0  libspace.o(.text)
    __user_perthread_libspace                0x0000076c   ARM Code       0  libspace.o(.text)
    exit                                     0x00000779   Thumb Code    12  exit.o(.text)
    Inline ARM to Thumb Veneer to __rt_lib_init 0x00000784   ARM Code       0  lib_init.o(.text)
    __rt_lib_init                            0x0000078d   Thumb Code   184  lib_init.o(.text)
    __rt_lib_shutdown                        0x00000845   Thumb Code    22  lib_init.o(.text)
    _platform_post_stackheap_init            0x0000085c   ARM Code      12  boardinit2.o(.text)
    _platform_post_lib_init                  0x00000868   ARM Code      16  boardinit3.o(.text)
    __I_use_semihosting                      0x00000878   ARM Code       0  use_no_semi.o(.text)
    __use_no_semihosting_swi                 0x00000878   ARM Code       4  use_no_semi.o(.text)
    Inline Thumb to ARM Veneer to __rt_locale 0x0000087d   Thumb Code     0  rt_locale_intlibspace.o(.text)
    __rt_locale                              0x00000880   ARM Code      12  rt_locale_intlibspace.o(.text)
    __ARM_get_argv                           0x00000891   Thumb Code     6  no_argv.o(.text)
    __rt_fp_status_addr                      0x00000898   ARM Code      12  rt_fp_status_addr_intlibspace.o(.text)
    Long ARM to Thumb Veneer to __rt_lib_shutdown 0x000008a8   ARM Code       0  anon$$obj.o(Veneer$$Code)
    Short Thumb to ARM Veneer to __rt_exit   0x000008b5   Thumb Code     0  anon$$obj.o(Veneer$$Code)
    Inline Thumb to ARM Veneer to _fp_init   0x000008bd   Thumb Code     0  fpinit.o(x$fpl$fpinit)
    _fp_init                                 0x000008c0   ARM Code      24  fpinit.o(x$fpl$fpinit)
    __fplib_config_pureend_doubles           0x000008d0   ARM Code       0  fpinit.o(x$fpl$fpinit)
    Region$$Table$$Base                      0x000008d8   Number         0  anon$$obj.o(Region$$Table)
    Region$$Table$$Limit                     0x000008f8   Number         0  anon$$obj.o(Region$$Table)
    ch                                       0x40000000   Data           1  main.o(.data)
    idx                                      0x40000004   Data           4  main.o(.data)
    buff                                     0x40000008   Data         256  main.o(.bss)
    __libspace_start                         0x40000108   Data          96  libspace.o(.bss)
    __temporary_stack_top_libspace           0x40000168   Data           0  libspace.o(.bss)


================================================================================

Memory Map of the image

  Image Entry point : 0x00000120

  Load Region LR_IROM1 (Base: 0x00000000, Size: 0x00000900, Max: 0x00080000, ABSOLUTE)

    Execution Region ER_IROM1 (Base: 0x00000000, Size: 0x000008f8, Max: 0x00080000, ABSOLUTE)

    Base Addr    Size         Type   Attr      Idx    E Section Name        Object

    0x00000000   0x00000120   Code   RO            3    RESET               startup.o
    0x00000120   0x00000008   Code   RO           65  * !!!main             __main.o(c_t.l)
    0x00000128   0x0000003c   Code   RO          170    !!!scatter          __scatter.o(c_t.l)
    0x00000164   0x00000028   Code   RO          172    !!handler_copy      __scatter_copy.o(c_t.l)
    0x0000018c   0x0000002c   Code   RO          174    !!handler_zi        __scatter_zi.o(c_t.l)
    0x000001b8   0x00000004   Ven    RO           92    .emb_text           lib_init.o(c_t.l)
    0x000001bc   0x00000010   Code   RO           92    .emb_text           lib_init.o(c_t.l)
    0x000001cc   0x00000020   Code   RO            4    .text               startup.o
    0x000001ec   0x00000254   Code   RO           12    .text               serial.o
    0x00000440   0x0000007c   Code   RO           31    .text               main.o
    0x000004bc   0x00000180   Code   RO           47    .text               aeabi_sdiv.o(c_t.l)
    0x0000063c   0x00000040   Code   RO           63    .text               stkheap2.o(c_t.l)
    0x0000067c   0x00000068   Code   RO           67    .text               kernel.o(c_t.l)
    0x000006e4   0x00000060   Code   RO           70    .text               sys_stackheap_outer.o(c_t.l)
    0x00000744   0x00000010   Code   RO           79    .text               rt_stackheap_storage_intlibspace.o(c_t.l)
    0x00000754   0x00000018   Code   RO           81    .text               sys_exit.o(c_t.l)
    0x0000076c   0x0000000c   Code   RO           83    .text               libspace.o(c_t.l)
    0x00000778   0x0000000c   Code   RO           88    .text               exit.o(c_t.l)
    0x00000784   0x00000008   Ven    RO           93    .text               lib_init.o(c_t.l)
    0x0000078c   0x000000ce   Code   RO           93    .text               lib_init.o(c_t.l)
    0x0000085a   0x00000002   PAD
    0x0000085c   0x0000000c   Code   RO           98    .text               boardinit2.o(c_t.l)
    0x00000868   0x00000010   Code   RO          100    .text               boardinit3.o(c_t.l)
    0x00000878   0x00000004   Code   RO          104    .text               use_no_semi.o(c_t.l)
    0x0000087c   0x00000004   Ven    RO          109    .text               rt_locale_intlibspace.o(c_t.l)
    0x00000880   0x00000010   Code   RO          109    .text               rt_locale_intlibspace.o(c_t.l)
    0x00000890   0x00000006   Code   RO          119    .text               no_argv.o(c_t.l)
    0x00000896   0x00000002   PAD
    0x00000898   0x00000010   Code   RO          130    .text               rt_fp_status_addr_intlibspace.o(c_t.l)
    0x000008a8   0x0000000c   Ven    RO          180    Veneer$$Code        anon$$obj.o
    0x000008b4   0x00000008   Ven    RO          181    Veneer$$Code        anon$$obj.o
    0x000008bc   0x00000004   Ven    RO          121    x$fpl$fpinit        fpinit.o(fz_ts.l)
    0x000008c0   0x00000018   Code   RO          121    x$fpl$fpinit        fpinit.o(fz_ts.l)
    0x000008d8   0x00000020   Data   RO          169    Region$$Table       anon$$obj.o


    Execution Region RW_IRAM1 (Base: 0x40000000, Size: 0x000005f0, Max: 0x00008000, ABSOLUTE)

    Base Addr    Size         Type   Attr      Idx    E Section Name        Object

    0x40000000   0x00000008   Data   RW           32    .data               main.o
    0x40000008   0x00000100   Zero   RW           33    .bss                main.o
    0x40000108   0x00000060   Zero   RW           84    .bss                libspace.o(c_t.l)
    0x40000168   0x00000000   Zero   RW            2    HEAP                startup.o
    0x40000168   0x00000488   Zero   RW            1    STACK               startup.o


================================================================================

Image component sizes


      Code (inc. data)   RO Data    RW Data    ZI Data      Debug   Object Name

       124         12          0          8        256        791   main.o
       596         20          0          0          0       4032   serial.o
       320         64          0          0       1160        516   startup.o

    ------------------------------------------------------------------------
      1060        100         32          8       1416       5340   Object Totals
        20          4         32          0          0          0   (incl. Generated)
         0          0          0          0          0          1   (incl. Padding)

    ------------------------------------------------------------------------

      Code (inc. data)   RO Data    RW Data    ZI Data      Debug   Library Member Name

         8          0          0          0          0          0   __main.o
        60          8          0          0          0          0   __scatter.o
        40          0          0          0          0          0   __scatter_copy.o
        44          0          0          0          0          0   __scatter_zi.o
       384          0          0          0          0          0   aeabi_sdiv.o
        12          0          0          0          0          0   boardinit2.o
        16          0          0          0          0          0   boardinit3.o
        12          0          0          0          0          0   exit.o
        28          0          0          0          0          0   fpinit.o
       104          4          0          0          0          0   kernel.o
       234          4          0          0          0          0   lib_init.o
        12          4          0          0         96          0   libspace.o
         6          0          0          0          0          0   no_argv.o
        16          4          0          0          0          0   rt_fp_status_addr_intlibspace.o
        20          4          0          0          0          0   rt_locale_intlibspace.o
        16          4          0          0          0          0   rt_stackheap_storage_intlibspace.o
        64          0          0          0          0          0   stkheap2.o
        24          8          0          0          0          0   sys_exit.o
        96          0          0          0          0          0   sys_stackheap_outer.o
         4          0          0          0          0          0   use_no_semi.o

    ------------------------------------------------------------------------
      1204         40          0          0         96          0   Library Totals
         4          0          0          0          0          0   (incl. Padding)

    ------------------------------------------------------------------------

      Code (inc. data)   RO Data    RW Data    ZI Data      Debug   Library Name

      1172         40          0          0         96          0   c_t.l
        28          0          0          0          0          0   fz_ts.l

    ------------------------------------------------------------------------
      1204         40          0          0         96          0   Library Totals

    ------------------------------------------------------------------------

================================================================================


      Code (inc. data)   RO Data    RW Data    ZI Data      Debug   

      2264        140         32          8       1512       5340   Grand Totals
      2264        140         32          8       1512       5340   ELF Image Totals
      2264        140         32          8          0          0   ROM Totals

================================================================================

    Total RO  Size (Code + RO Data)                 2296 (   2.24kB)
    Total RW  Size (RW Data + ZI Data)              1520 (   1.48kB)
    Total ROM Size (Code + RO Data + RW Data)       2304 (   2.25kB)

================================================================================

