<html>
<body>
<pre>
<h1>µVision3 Build Log</h1>
<h2>Project:</h2>
C:\Documents and Settings\Cristian Axenie\Desktop\robot_gps_module\robot_gps_module.uv2
Project File Date:  09/01/2010

<h2>Output:</h2>
Build target 'gps'
assembling Startup.s...
compiling serial.c...
serial.h(26): warning:  #1-D: last line of file ends without a newline
compiling main.c...
serial.h(26): warning:  #1-D: last line of file ends without a newline
linking...
robot_gps_module.axf: Error: L6200E: Symbol buff multiply defined (by serial.o and main.o).
robot_gps_module.axf: Error: L6200E: Symbol ch multiply defined (by serial.o and main.o).
robot_gps_module.axf: Error: L6200E: Symbol idx multiply defined (by serial.o and main.o).
Target not created
Build target 'gps'
assembling Startup.s...
compiling serial.c...
serial.h(22): warning:  #1-D: last line of file ends without a newline
compiling main.c...
serial.h(22): warning:  #1-D: last line of file ends without a newline
linking...
Program Size: Code=2264 RO-data=32 RW-data=8 ZI-data=1512  
"robot_gps_module.axf" - 0 Error(s), 2 Warning(s).
Build target 'gps'
assembling Startup.s...
compiling serial.c...
compiling main.c...
linking...
Program Size: Code=2264 RO-data=32 RW-data=8 ZI-data=1512  
"robot_gps_module.axf" - 0 Error(s), 0 Warning(s).
