ARM Linker, RVCT3.1 [Build 939] for uVision [Standard]

================================================================================

Section Cross References

    startup.o(STACK) refers (Special) to stkheap2.o(.text) for __use_two_region_memory
    startup.o(HEAP) refers (Special) to stkheap2.o(.text) for __use_two_region_memory
    startup.o(RESET) refers to startup.o(STACK) for Stack_Top
    startup.o(RESET) refers to __main.o(!!!main) for __main
    startup.o(RESET) refers (Special) to stkheap2.o(.text) for __use_two_region_memory
    startup.o(.text) refers to startup.o(HEAP) for Heap_Mem
    startup.o(.text) refers to startup.o(STACK) for Stack_Mem
    startup.o(.text) refers (Special) to stkheap2.o(.text) for __use_two_region_memory
    serial.o(.text) refers to serial.o(.data) for hinib0
    main.o(.text) refers to serial.o(.text) for init_system
    main.o(.text) refers to global_adc_init.o(.text) for init_adc
    main.o(.text) refers to sonar_interface.o(.text) for enable_sonar_chain
    main.o(.text) refers to aeabi_sdiv.o(.text) for __aeabi_idivmod
    main.o(.text) refers to gps_odometry.o(.data) for idx
    main.o(.text) refers to main.o(.data) for rx_cnt
    gps_odometry.o(.text) refers to dflt_noclz.o(x$fpl$dflt) for __aeabi_i2d
    gps_odometry.o(.text) refers to ddiv.o(x$fpl$ddiv) for __aeabi_ddiv
    gps_odometry.o(.text) refers to daddsub_noclz.o(x$fpl$dadd) for __aeabi_dadd
    gps_odometry.o(.text) refers to gps_odometry.o(.bss) for rxbuf
    gps_odometry.o(.text) refers to gps_odometry.o(.data) for longitude_seconds
    gps_odometry.o(.text) refers to dmul.o(x$fpl$dmul) for __aeabi_dmul
    gps_odometry.o(.text) refers to floor.o(i.floor) for floor
    gps_odometry.o(.text) refers to dfix.o(x$fpl$dfix) for __aeabi_d2iz
    sonar_interface.o(.text) refers to global_adc_init.o(.text) for read_adc1
    sonar_interface.o(.text) refers to fflt_noclz.o(x$fpl$ffltu) for __aeabi_ui2f
    sonar_interface.o(.text) refers to fdiv.o(x$fpl$fdiv) for __aeabi_fdiv
    sonar_interface.o(.text) refers to ffixu.o(x$fpl$ffixu) for __aeabi_f2uiz
    sonar_interface.o(.text) refers to serial.o(.text) for uart0_send_ascii
    accelerometer_interface.o(.text) refers to global_adc_init.o(.text) for read_adc1
    aeabi_sdiv.o(.text_udiv) refers to aeabi_sdiv.o(.text) for __arm_div4
    aeabi_sdiv_div0.o(.text_udiv) refers to aeabi_sdiv_div0.o(.text) for __arm_div4
    stkheap2.o(.text) refers to sys_stackheap_outer.o(.text) for __user_setup_stackheap
    stkheap2.o(.text) refers to rt_stackheap_storage_intlibspace.o(.text) for __rt_stackheap_storage
    __main.o(!!!main) refers to kernel.o(.text) for __rt_entry
    daddsub_noclz.o(x$fpl$dadd) refers to daddsub_noclz.o(x$fpl$dsub) for _dsub1
    daddsub_noclz.o(x$fpl$dadd) refers to dcheck.o(x$fpl$dcheck) for __fpl_dcheck_NaN2
    daddsub_noclz.o(x$fpl$dadd) refers (Special) to usenofp.o(x$fpl$usenofp) for __I_use_fp
    daddsub_noclz.o(x$fpl$dadd) refers (Special) to dunder.o(x$fpl$dunder) for __dunder_d
    daddsub_noclz.o(x$fpl$drsb) refers to daddsub_noclz.o(x$fpl$dadd) for _dadd1
    daddsub_noclz.o(x$fpl$drsb) refers to daddsub_noclz.o(x$fpl$dsub) for _dsub1
    daddsub_noclz.o(x$fpl$drsb) refers (Special) to usenofp.o(x$fpl$usenofp) for __I_use_fp
    daddsub_noclz.o(x$fpl$drsb) refers (Special) to dunder.o(x$fpl$dunder) for __dunder_d
    daddsub_noclz.o(x$fpl$dsub) refers to daddsub_noclz.o(x$fpl$dadd) for _dadd1
    daddsub_noclz.o(x$fpl$dsub) refers to dcheck.o(x$fpl$dcheck) for __fpl_dcheck_NaN2
    daddsub_noclz.o(x$fpl$dsub) refers (Special) to usenofp.o(x$fpl$usenofp) for __I_use_fp
    daddsub_noclz.o(x$fpl$dsub) refers (Special) to dunder.o(x$fpl$dunder) for __dunder_d
    ddiv.o(x$fpl$drdiv) refers to ddiv.o(x$fpl$ddiv) for ddiv_entry
    ddiv.o(x$fpl$drdiv) refers (Special) to usenofp.o(x$fpl$usenofp) for __I_use_fp
    ddiv.o(x$fpl$drdiv) refers (Special) to dunder.o(x$fpl$dunder) for __dunder
    ddiv.o(x$fpl$ddiv) refers to dcheck.o(x$fpl$dcheck) for __fpl_dcheck_NaN2
    ddiv.o(x$fpl$ddiv) refers (Special) to usenofp.o(x$fpl$usenofp) for __I_use_fp
    ddiv.o(x$fpl$ddiv) refers (Special) to dunder.o(x$fpl$dunder) for __dunder
    dfix.o(x$fpl$dfix) refers to dcheck1.o(x$fpl$dcheck1) for __fpl_dcheck_NaN1
    dfix.o(x$fpl$dfix) refers (Special) to usenofp.o(x$fpl$usenofp) for __I_use_fp
    dfix.o(x$fpl$dfixr) refers to dcheck1.o(x$fpl$dcheck1) for __fpl_dcheck_NaN1
    dfix.o(x$fpl$dfixr) refers (Special) to usenofp.o(x$fpl$usenofp) for __I_use_fp
    dflt_noclz.o(x$fpl$dfltu) refers to dflt_noclz.o(x$fpl$dflt) for __dflt_normalise
    dflt_noclz.o(x$fpl$dfltu) refers (Special) to usenofp.o(x$fpl$usenofp) for __I_use_fp
    dflt_noclz.o(x$fpl$dflt) refers (Special) to usenofp.o(x$fpl$usenofp) for __I_use_fp
    dmul.o(x$fpl$dmul) refers to dcheck.o(x$fpl$dcheck) for __fpl_dcheck_NaN2
    dmul.o(x$fpl$dmul) refers (Special) to usenofp.o(x$fpl$usenofp) for __I_use_fp
    dmul.o(x$fpl$dmul) refers (Special) to dunder.o(x$fpl$dunder) for __dunder
    fdiv.o(x$fpl$frdiv) refers to fdiv.o(x$fpl$fdiv) for _fdiv1
    fdiv.o(x$fpl$frdiv) refers (Special) to usenofp.o(x$fpl$usenofp) for __I_use_fp
    fdiv.o(x$fpl$frdiv) refers (Special) to funder.o(x$fpl$funder) for __funder
    fdiv.o(x$fpl$frdiv) refers (Special) to fnorm2_noclz.o(x$fpl$fnorm2) for __fpl_normalise2
    fdiv.o(x$fpl$fdiv) refers to fcheck.o(x$fpl$fcheck) for __fpl_fcheck_NaN2
    fdiv.o(x$fpl$fdiv) refers (Special) to usenofp.o(x$fpl$usenofp) for __I_use_fp
    fdiv.o(x$fpl$fdiv) refers (Special) to funder.o(x$fpl$funder) for __funder
    fdiv.o(x$fpl$fdiv) refers (Special) to fnorm2_noclz.o(x$fpl$fnorm2) for __fpl_normalise2
    ffixu.o(x$fpl$ffixu) refers to fcheck1.o(x$fpl$fcheck1) for __fpl_fcheck_NaN1
    ffixu.o(x$fpl$ffixu) refers (Special) to usenofp.o(x$fpl$usenofp) for __I_use_fp
    ffixu.o(x$fpl$ffixur) refers to fcheck1.o(x$fpl$fcheck1) for __fpl_fcheck_NaN1
    ffixu.o(x$fpl$ffixur) refers (Special) to usenofp.o(x$fpl$usenofp) for __I_use_fp
    fflt_noclz.o(x$fpl$ffltu) refers to fflt_noclz.o(x$fpl$fflt) for __fflt_normalise
    fflt_noclz.o(x$fpl$ffltu) refers (Special) to usenofp.o(x$fpl$usenofp) for __I_use_fp
    fflt_noclz.o(x$fpl$fflt) refers (Special) to usenofp.o(x$fpl$usenofp) for __I_use_fp
    floor.o(i.floor) refers to daddsub_noclz.o(x$fpl$dadd) for __aeabi_dadd
    floor.o(i.floor) refers to drleqf.o(x$fpl$drleqf) for __aeabi_cdrcmple
    floor.o(i.floor) refers to daddsub_noclz.o(x$fpl$drsb) for __aeabi_drsub
    floor.o(i.floor) refers (Special) to usenofp.o(x$fpl$usenofp) for __I_use_fp
    floor.o(i.__softfp_floor) refers to floor.o(i.floor) for floor
    floor.o(i.__softfp_floor) refers (Special) to usenofp.o(x$fpl$usenofp) for __I_use_fp
    kernel.o(.text) refers to stkheap2.o(.text) for __rt_stackheap_init
    kernel.o(.text) refers to boardinit2.o(.text) for _platform_post_stackheap_init
    kernel.o(.text) refers to lib_init.o(.text) for __rt_lib_init
    kernel.o(.text) refers to boardinit3.o(.text) for _platform_post_lib_init
    kernel.o(.text) refers to exit.o(.text) for exit
    kernel.o(.text) refers to main.o(.text) for main
    kernel.o(.text) refers to sys_exit.o(.text) for _sys_exit
    kernel.o(.ARM.exidx) refers to kernel.o(.text) for __rt_entry
    sys_stackheap_outer.o(.text) refers to libspace.o(.text) for __user_perproc_libspace
    sys_stackheap_outer.o(.text) refers to startup.o(.text) for __user_initial_stackheap
    aeabi_idiv0_sigfpe.o(.text) refers to rt_div0.o(.text) for __rt_div0
    rt_stackheap_storage.o(.text) refers to rt_stackheap_storage.o(.bss) for __rt_stackheap_storage_data
    rt_stackheap_storage_intlibspace.o(.text) refers to libspace.o(.bss) for __libspace_start
    dcheck.o(x$fpl$dcheck) refers to retnan.o(x$fpl$retnan) for __fpl_return_NaN
    dcheck.o(x$fpl$dcheck) refers (Special) to usenofp.o(x$fpl$usenofp) for __I_use_fp
    dcheck1.o(x$fpl$dcheck1) refers to retnan.o(x$fpl$retnan) for __fpl_return_NaN
    dcheck1.o(x$fpl$dcheck1) refers (Special) to usenofp.o(x$fpl$usenofp) for __I_use_fp
    dunder.o(x$fpl$dunder) refers (Special) to usenofp.o(x$fpl$usenofp) for __I_use_fp
    fcheck.o(x$fpl$fcheck) refers to retnan.o(x$fpl$retnan) for __fpl_return_NaN
    fcheck.o(x$fpl$fcheck) refers (Special) to usenofp.o(x$fpl$usenofp) for __I_use_fp
    fcheck1.o(x$fpl$fcheck1) refers to retnan.o(x$fpl$retnan) for __fpl_return_NaN
    fcheck1.o(x$fpl$fcheck1) refers (Special) to usenofp.o(x$fpl$usenofp) for __I_use_fp
    fnorm2_noclz.o(x$fpl$fnorm2) refers (Special) to usenofp.o(x$fpl$usenofp) for __I_use_fp
    funder.o(x$fpl$funder) refers (Special) to usenofp.o(x$fpl$usenofp) for __I_use_fp
    drleqf.o(x$fpl$drleqf) refers to dcmpin.o(x$fpl$dcmpinfnan) for __fpl_dcmp_InfNaN
    drleqf.o(x$fpl$drleqf) refers (Special) to usenofp.o(x$fpl$usenofp) for __I_use_fp
    sys_exit.o(.text) refers to use_no_semi.o(.text) for __I_use_semihosting
    libspace.o(.text) refers to libspace.o(.bss) for __libspace_start
    rt_div0.o(.text) refers to defsig_fpe_outer.o(.text) for __rt_SIGFPE
    exit.o(.text) refers to kernel.o(.text) for __rt_exit
    stkheap1.o(.text) refers to sys_stackheap_outer.o(.text) for __user_setup_stackheap
    stkheap1.o(.text) refers to rt_stackheap_storage_intlibspace.o(.text) for __rt_stackheap_storage
    lib_init.o(.emb_text) refers to no_argv.o(.text) for __ARM_get_argv
    lib_init.o(.text) refers to fpinit.o(x$fpl$fpinit) for _fp_init
    lib_init.o(.text) refers to lib_init.o(.emb_text) for __ARM_argv_veneer
    lib_init.o(.text) refers to rt_locale_intlibspace.o(.text) for __rt_locale
    dcmpin.o(x$fpl$dcmpinfnan) refers to dcheck.o(x$fpl$dcheck) for __fpl_dcheck_NaN2
    dcmpin.o(x$fpl$dcmpinfnan) refers to trapv.o(x$fpl$trapveneer) for __fpl_cmpreturn
    dcmpin.o(x$fpl$dcmpinfnan) refers (Special) to usenofp.o(x$fpl$usenofp) for __I_use_fp
    retnan.o(x$fpl$retnan) refers to trapv.o(x$fpl$trapveneer) for __fpl_cmpreturn
    retnan.o(x$fpl$retnan) refers (Special) to usenofp.o(x$fpl$usenofp) for __I_use_fp
    rt_locale.o(.text) refers to rt_locale.o(.bss) for __rt_locale_data
    rt_locale_intlibspace.o(.text) refers to libspace.o(.bss) for __libspace_start
    defsig_fpe_outer.o(.text) refers to defsig_fpe_inner.o(.text) for __rt_SIGFPE_inner
    defsig_fpe_outer.o(.text) refers to defsig_exit.o(.text) for __sig_exit
    defsig_fpe_formal.o(.text) refers to rt_raise.o(.text) for __rt_raise
    _get_argv.o(.text) refers to heapext.o(.text) for __heap_extend
    _get_argv.o(.text) refers to defsig_rtmem_outer.o(.text) for __rt_SIGRTMEM
    _get_argv.o(.text) refers to sys_command.o(.text) for _sys_command_string
    _get_argv.o(.text) refers (Special) to hrguard.o(.text) for __heap_region_guard
    trapv.o(x$fpl$trapveneer) refers (Special) to usenofp.o(x$fpl$usenofp) for __I_use_fp
    fpinit.o(x$fpl$fpinit) refers to rt_fp_status_addr_intlibspace.o(.text) for __rt_fp_status_addr
    sys_command.o(.text) refers (Special) to use_no_semi.o(.text) for __I_use_semihosting
    rt_raise.o(.text) refers to __raise.o(.text) for __raise
    rt_raise.o(.text) refers to sys_exit.o(.text) for _sys_exit
    rt_fp_status_addr.o(.text) refers to rt_fp_status_addr.o(.bss) for __rt_fp_status_addr_data
    rt_fp_status_addr_intlibspace.o(.text) refers to libspace.o(.bss) for __libspace_start
    defsig.o(CL$$defsig) refers to defsig_fpe_inner.o(.text) for __rt_SIGFPE_inner
    defsig.o(CL$$defsig) refers to defsig_rtmem_inner.o(.text) for __rt_SIGRTMEM_inner
    defsig_exit.o(.text) refers to sys_exit.o(.text) for _sys_exit
    defsig_fpe_inner.o(.text) refers to defsig_general.o(.text) for __default_signal_display
    defsig_rtmem_outer.o(.text) refers to defsig_rtmem_inner.o(.text) for __rt_SIGRTMEM_inner
    defsig_rtmem_outer.o(.text) refers to defsig_exit.o(.text) for __sig_exit
    defsig_rtmem_formal.o(.text) refers to rt_raise.o(.text) for __rt_raise
    heapext.o(.text) refers to stkheap2.o(.text) for __rt_heap_extend
    __raise.o(.text) refers to defsig.o(CL$$defsig) for __default_signal_handler
    __raise.o(.text) refers to callvia.o(.text) for __ARM_call_via_r2
    defsig_general.o(.text) refers to sys_wrch.o(.text) for _ttywrch
    defsig_abrt_inner.o(.text) refers to defsig_general.o(.text) for __default_signal_display
    defsig_rtred_inner.o(.text) refers to defsig_general.o(.text) for __default_signal_display
    defsig_rtmem_inner.o(.text) refers to defsig_general.o(.text) for __default_signal_display
    defsig_stak_inner.o(.text) refers to defsig_general.o(.text) for __default_signal_display
    defsig_pvfn_inner.o(.text) refers to defsig_general.o(.text) for __default_signal_display
    defsig_cppl_inner.o(.text) refers to defsig_general.o(.text) for __default_signal_display
    defsig_segv_inner.o(.text) refers to defsig_general.o(.text) for __default_signal_display
    defsig_other.o(.text) refers to defsig_general.o(.text) for __default_signal_display
    sys_wrch.o(.text) refers (Special) to use_no_semi.o(.text) for __I_use_semihosting


================================================================================

Removing Unused input sections from the image.

    Removing gps_odometry.o(.text), (1292 bytes).
    Removing gps_odometry.o(.bss), (512 bytes).
    Removing accelerometer_interface.o(.text), (132 bytes).

3 unused section(s) (total 1936 bytes) removed from the image.

================================================================================

Adding Veneers to the image

    Adding TA veneer (8 bytes, Short) for call to '__rt_exit' from exit.o(.text).
    Adding AT veneer (12 bytes, Long) for call to '__rt_lib_shutdown' from kernel.o(.text).
    Adding TA veneer (4 bytes, Inline) for call to '_fp_init' from lib_init.o(.text).
    Adding TA veneer (4 bytes, Inline) for call to '__rt_locale' from lib_init.o(.text).
    Adding AT veneer (8 bytes, Inline) for call to '__rt_lib_init' from kernel.o(.text).
    Adding TA veneer (4 bytes, Inline) for call to '__ARM_argv_veneer' from lib_init.o(.text).

6 Veneer(s) (total 40 bytes) added to the image.

================================================================================

Image Symbol Table

    Local Symbols

    Symbol Name                              Value     Ov Type        Size  Object(Section)

    RESET                                    0x00000000   Section      272  startup.o(RESET)
    ../../angel/boardlib.s                   0x00000000   Number         0  cpuinit.o ABSOLUTE
    ../../angel/boardlib.s                   0x00000000   Number         0  boardshut.o ABSOLUTE
    ../../angel/boardlib.s                   0x00000000   Number         0  boardinit1.o ABSOLUTE
    ../../angel/boardlib.s                   0x00000000   Number         0  boardinit2.o ABSOLUTE
    ../../angel/boardlib.s                   0x00000000   Number         0  boardinit3.o ABSOLUTE
    ../../angel/handlers.s                   0x00000000   Number         0  __scatter_zi.o ABSOLUTE
    ../../angel/handlers.s                   0x00000000   Number         0  __scatter_copy.o ABSOLUTE
    ../../angel/kernel.s                     0x00000000   Number         0  kernel.o ABSOLUTE
    ../../angel/rt.s                         0x00000000   Number         0  rt_fp_status_addr.o ABSOLUTE
    ../../angel/rt.s                         0x00000000   Number         0  rt_raise.o ABSOLUTE
    ../../angel/rt.s                         0x00000000   Number         0  rt_stackheap_storage_intlibspace.o ABSOLUTE
    ../../angel/rt.s                         0x00000000   Number         0  rt_stackheap_storage.o ABSOLUTE
    ../../angel/rt.s                         0x00000000   Number         0  aeabi_idiv0_sigfpe.o ABSOLUTE
    ../../angel/rt.s                         0x00000000   Number         0  aeabi_idiv0.o ABSOLUTE
    ../../angel/rt.s                         0x00000000   Number         0  rt_locale_intlibspace.o ABSOLUTE
    ../../angel/rt.s                         0x00000000   Number         0  rt_locale.o ABSOLUTE
    ../../angel/rt.s                         0x00000000   Number         0  rt_div0.o ABSOLUTE
    ../../angel/rt.s                         0x00000000   Number         0  rt_fp_status_addr_intlibspace.o ABSOLUTE
    ../../angel/scatter.s                    0x00000000   Number         0  __scatter.o ABSOLUTE
    ../../angel/startup.s                    0x00000000   Number         0  __main.o ABSOLUTE
    ../../angel/sys.s                        0x00000000   Number         0  sys_exit.o ABSOLUTE
    ../../angel/sys.s                        0x00000000   Number         0  sys_stackheap_outer.o ABSOLUTE
    ../../angel/sys.s                        0x00000000   Number         0  libspace.o ABSOLUTE
    ../../angel/sys.s                        0x00000000   Number         0  use_no_semi.o ABSOLUTE
    ../../angel/sysapp.c                     0x00000000   Number         0  sys_wrch.o ABSOLUTE
    ../../angel/sysapp.c                     0x00000000   Number         0  sys_command.o ABSOLUTE
    ../../armsys.c                           0x00000000   Number         0  lib_init.o ABSOLUTE
    ../../armsys.c                           0x00000000   Number         0  no_argv.o ABSOLUTE
    ../../armsys.c                           0x00000000   Number         0  _get_argv.o ABSOLUTE
    ../../armsys.c                           0x00000000   Number         0  lib_init.o ABSOLUTE
    ../../daddsub.s                          0x00000000   Number         0  daddsub_noclz.o ABSOLUTE
    ../../dcheck.s                           0x00000000   Number         0  dcheck.o ABSOLUTE
    ../../dcheck1.s                          0x00000000   Number         0  dcheck1.o ABSOLUTE
    ../../dcmpin.s                           0x00000000   Number         0  dcmpin.o ABSOLUTE
    ../../ddiv.s                             0x00000000   Number         0  ddiv.o ABSOLUTE
    ../../dfix.s                             0x00000000   Number         0  dfix.o ABSOLUTE
    ../../dflt.s                             0x00000000   Number         0  dflt_noclz.o ABSOLUTE
    ../../division.s                         0x00000000   Number         0  aeabi_sdiv.o ABSOLUTE
    ../../division.s                         0x00000000   Number         0  aeabi_sdiv_div0.o ABSOLUTE
    ../../divrt.s                            0x00000000   Number         0  divrt_7tdmi_div0.o ABSOLUTE
    ../../divrt.s                            0x00000000   Number         0  divrt_7tdmi.o ABSOLUTE
    ../../dmul.s                             0x00000000   Number         0  dmul.o ABSOLUTE
    ../../drleqf.s                           0x00000000   Number         0  drleqf.o ABSOLUTE
    ../../dunder.s                           0x00000000   Number         0  dunder.o ABSOLUTE
    ../../fcheck.s                           0x00000000   Number         0  fcheck.o ABSOLUTE
    ../../fcheck1.s                          0x00000000   Number         0  fcheck1.o ABSOLUTE
    ../../fdiv.s                             0x00000000   Number         0  fdiv.o ABSOLUTE
    ../../ffixu.s                            0x00000000   Number         0  ffixu.o ABSOLUTE
    ../../fflt.s                             0x00000000   Number         0  fflt_noclz.o ABSOLUTE
    ../../floor.c                            0x00000000   Number         0  floor.o ABSOLUTE
    ../../fnorm2.s                           0x00000000   Number         0  fnorm2_noclz.o ABSOLUTE
    ../../fpinit.s                           0x00000000   Number         0  fpinit.o ABSOLUTE
    ../../funder.s                           0x00000000   Number         0  funder.o ABSOLUTE
    ../../heapalloc.c                        0x00000000   Number         0  hrguard.o ABSOLUTE
    ../../retnan.s                           0x00000000   Number         0  retnan.o ABSOLUTE
    ../../signal.c                           0x00000000   Number         0  defsig_fpe_formal.o ABSOLUTE
    ../../signal.c                           0x00000000   Number         0  defsig_other.o ABSOLUTE
    ../../signal.c                           0x00000000   Number         0  defsig_segv_inner.o ABSOLUTE
    ../../signal.c                           0x00000000   Number         0  defsig_cppl_inner.o ABSOLUTE
    ../../signal.c                           0x00000000   Number         0  defsig_pvfn_inner.o ABSOLUTE
    ../../signal.c                           0x00000000   Number         0  defsig_stak_inner.o ABSOLUTE
    ../../signal.c                           0x00000000   Number         0  defsig_abrt_inner.o ABSOLUTE
    ../../signal.c                           0x00000000   Number         0  defsig_general.o ABSOLUTE
    ../../signal.c                           0x00000000   Number         0  __raise.o ABSOLUTE
    ../../signal.c                           0x00000000   Number         0  defsig_exit.o ABSOLUTE
    ../../signal.c                           0x00000000   Number         0  defsig_rtmem_inner.o ABSOLUTE
    ../../signal.c                           0x00000000   Number         0  defsig_rtmem_formal.o ABSOLUTE
    ../../signal.c                           0x00000000   Number         0  defsig_rtmem_outer.o ABSOLUTE
    ../../signal.c                           0x00000000   Number         0  defsig_fpe_inner.o ABSOLUTE
    ../../signal.c                           0x00000000   Number         0  defsig_fpe_outer.o ABSOLUTE
    ../../signal.c                           0x00000000   Number         0  defsig_rtred_inner.o ABSOLUTE
    ../../signal.s                           0x00000000   Number         0  defsig.o ABSOLUTE
    ../../stdlib.c                           0x00000000   Number         0  exit.o ABSOLUTE
    ../../stkheap.s                          0x00000000   Number         0  heapext.o ABSOLUTE
    ../../stkheap1.s                         0x00000000   Number         0  stkheap1.o ABSOLUTE
    ../../stkheap2.s                         0x00000000   Number         0  stkheap2.o ABSOLUTE
    ../../trapv.s                            0x00000000   Number         0  trapv.o ABSOLUTE
    ../../unhosted.s                         0x00000000   Number         0  callvia.o ABSOLUTE
    ../../usenofp.s                          0x00000000   Number         0  usenofp.o ABSOLUTE
    Startup.s                                0x00000000   Number         0  startup.o ABSOLUTE
    accelerometer_interface.c                0x00000000   Number         0  accelerometer_interface.o ABSOLUTE
    dc.s                                     0x00000000   Number         0  dc.o ABSOLUTE
    global_adc_init.c                        0x00000000   Number         0  global_adc_init.o ABSOLUTE
    gps_odometry.c                           0x00000000   Number         0  gps_odometry.o ABSOLUTE
    main.c                                   0x00000000   Number         0  main.o ABSOLUTE
    serial.c                                 0x00000000   Number         0  serial.o ABSOLUTE
    sonar_interface.c                        0x00000000   Number         0  sonar_interface.o ABSOLUTE
    Undef_Handler                            0x00000040   ARM Code       4  startup.o(RESET)
    SWI_Handler                              0x00000044   ARM Code       4  startup.o(RESET)
    PAbt_Handler                             0x00000048   ARM Code       4  startup.o(RESET)
    DAbt_Handler                             0x0000004c   ARM Code       4  startup.o(RESET)
    IRQ_Handler                              0x00000050   ARM Code       4  startup.o(RESET)
    FIQ_Handler                              0x00000054   ARM Code       4  startup.o(RESET)
    !!!main                                  0x00000110   Section        8  __main.o(!!!main)
    !!!scatter                               0x00000118   Section       60  __scatter.o(!!!scatter)
    !!handler_copy                           0x00000154   Section       40  __scatter_copy.o(!!handler_copy)
    !!handler_zi                             0x0000017c   Section       44  __scatter_zi.o(!!handler_zi)
    .emb_text                                0x000001ac   Section       16  lib_init.o(.emb_text)
    .text                                    0x000001bc   Section       32  startup.o(.text)
    .text                                    0x000001dc   Section      920  serial.o(.text)
    .text                                    0x00000574   Section      540  main.o(.text)
    .text                                    0x00000790   Section      820  global_adc_init.o(.text)
    .text                                    0x00000ac4   Section      476  sonar_interface.o(.text)
    .text                                    0x00000ca0   Section      384  aeabi_sdiv.o(.text)
    __arm_div8                               0x00000ccc   ARM Code       0  aeabi_sdiv.o(.text)
    __arm_div4                               0x00000cfc   ARM Code       0  aeabi_sdiv.o(.text)
    __arm_div_large                          0x00000d50   ARM Code       0  aeabi_sdiv.o(.text)
    .text                                    0x00000e20   Section       64  stkheap2.o(.text)
    .text                                    0x00000e60   Section      104  kernel.o(.text)
    .text                                    0x00000ec8   Section       96  sys_stackheap_outer.o(.text)
    .text                                    0x00000f28   Section       16  rt_stackheap_storage_intlibspace.o(.text)
    .text                                    0x00000f38   Section       24  sys_exit.o(.text)
    .text                                    0x00000f50   Section       12  libspace.o(.text)
    .text                                    0x00000f5c   Section       12  exit.o(.text)
    .text                                    0x00000f70   Section      206  lib_init.o(.text)
    .text                                    0x00001040   Section       12  boardinit2.o(.text)
    .text                                    0x0000104c   Section       16  boardinit3.o(.text)
    .text                                    0x0000105c   Section        4  use_no_semi.o(.text)
    .text                                    0x00001064   Section       16  rt_locale_intlibspace.o(.text)
    .text                                    0x00001074   Section        6  no_argv.o(.text)
    .text                                    0x0000107c   Section       16  rt_fp_status_addr_intlibspace.o(.text)
    x$fpl$fcheck                             0x000010a0   Section       12  fcheck.o(x$fpl$fcheck)
    x$fpl$fcheck1                            0x000010ac   Section       12  fcheck1.o(x$fpl$fcheck1)
    x$fpl$fdiv                               0x000010b8   Section      484  fdiv.o(x$fpl$fdiv)
    _fdiv1                                   0x000010b8   ARM Code       0  fdiv.o(x$fpl$fdiv)
    x$fpl$ffixu                              0x0000129c   Section       96  ffixu.o(x$fpl$ffixu)
    x$fpl$fflt                               0x000012fc   Section       92  fflt_noclz.o(x$fpl$fflt)
    x$fpl$ffltu                              0x00001358   Section        8  fflt_noclz.o(x$fpl$ffltu)
    x$fpl$fnorm2                             0x00001360   Section      148  fnorm2_noclz.o(x$fpl$fnorm2)
    x$fpl$fpinit                             0x000013f8   Section       24  fpinit.o(x$fpl$fpinit)
    x$fpl$funder                             0x00001410   Section      144  funder.o(x$fpl$funder)
    x$fpl$retnan                             0x000014a0   Section      116  retnan.o(x$fpl$retnan)
    x$fpl$trapveneer                         0x00001514   Section       60  trapv.o(x$fpl$trapveneer)
    x$fpl$usenofp                            0x00001550   Number         0  usenofp.o(x$fpl$usenofp)
    .data                                    0x40000000   Section        4  serial.o(.data)
    .data                                    0x40000004   Section       56  main.o(.data)
    .data                                    0x40000040   Section       80  gps_odometry.o(.data)
    .bss                                     0x40000090   Section       96  libspace.o(.bss)
    HEAP                                     0x400000f0   Number         0  startup.o(HEAP)
    STACK                                    0x400000f0   Section     1160  startup.o(STACK)
    Heap_Mem                                 0x400000f0   Number         0  startup.o(HEAP)
    Stack_Mem                                0x400000f0   Data        1024  startup.o(STACK)
    Stack_Top                                0x40000578   Number         0  startup.o(STACK)

    Global Symbols

    Symbol Name                              Value     Ov Type        Size  Object(Section)

    BuildAttributes$$THM_ISAv1$ARM_ISAv4$M$S$PE$A:L22$X:L11$S22$IEEE1$IW$USESV6$~STKCKD$USESV7$~SHL$OSPACE$EBA8$STANDARDLIB$REQ8$PRES8$EABIv2 0x00000000   Number         0  anon$$obj.o ABSOLUTE
    __ARM_use_no_argv                        0x00000000   Number         0  main.o ABSOLUTE
    __ARM_exceptions_init                     - Undefined Weak Reference
    __Heap_DescSize                           - Undefined Weak Reference
    __alloca_initialize                       - Undefined Weak Reference
    __cpp_initialize__aeabi_                  - Undefined Weak Reference
    __cxa_finalize                            - Undefined Weak Reference
    __fpl_infinity                            - Undefined Weak Reference
    __sigvec_lookup                           - Undefined Weak Reference
    __user_heap_extend                        - Undefined Weak Reference
    _atexit_init                              - Undefined Weak Reference
    _call_atexit_fns                          - Undefined Weak Reference
    _clock_init                               - Undefined Weak Reference
    _fp_trap_init                             - Undefined Weak Reference
    _get_lc_collate                           - Undefined Weak Reference
    _get_lc_ctype                             - Undefined Weak Reference
    _get_lc_monetary                          - Undefined Weak Reference
    _get_lc_numeric                           - Undefined Weak Reference
    _get_lc_time                              - Undefined Weak Reference
    _getenv_init                              - Undefined Weak Reference
    _handle_redirection                       - Undefined Weak Reference
    _init_alloc                               - Undefined Weak Reference
    _init_user_alloc                          - Undefined Weak Reference
    _initio                                   - Undefined Weak Reference
    _rand_init                                - Undefined Weak Reference
    _signal_init                              - Undefined Weak Reference
    _terminate_user_alloc                     - Undefined Weak Reference
    _terminateio                              - Undefined Weak Reference
    Reset_Handler                            0x00000058   ARM Code       0  startup.o(RESET)
    __main                                   0x00000110   ARM Code       8  __main.o(!!!main)
    __scatterload                            0x00000118   ARM Code       0  __scatter.o(!!!scatter)
    __scatterload_rt2                        0x00000118   ARM Code      52  __scatter.o(!!!scatter)
    __scatterload_null                       0x0000012c   ARM Code       0  __scatter.o(!!!scatter)
    __scatterload_copy                       0x00000154   ARM Code      40  __scatter_copy.o(!!handler_copy)
    __scatterload_zeroinit                   0x0000017c   ARM Code      44  __scatter_zi.o(!!handler_zi)
    Inline Thumb to ARM Veneer to __ARM_argv_veneer 0x000001a9   Thumb Code     0  lib_init.o(.emb_text)
    __ARM_argv_veneer                        0x000001ac   ARM Code      16  lib_init.o(.emb_text)
    __user_initial_stackheap                 0x000001bc   ARM Code       0  startup.o(.text)
    init_system                              0x000001dc   ARM Code     128  serial.o(.text)
    init_uart0                               0x0000025c   ARM Code      72  serial.o(.text)
    init_uart1                               0x000002a4   ARM Code      64  serial.o(.text)
    putchar_uart0                            0x000002e4   ARM Code      40  serial.o(.text)
    puts_uart0                               0x0000030c   ARM Code      40  serial.o(.text)
    putchar_uart1                            0x00000334   ARM Code      40  serial.o(.text)
    puts_uart1                               0x0000035c   ARM Code      40  serial.o(.text)
    getchar_uart0                            0x00000384   ARM Code      32  serial.o(.text)
    getchar_uart1                            0x000003a4   ARM Code      32  serial.o(.text)
    ascii_convert0                           0x000003c4   ARM Code     152  serial.o(.text)
    ascii_convert1                           0x0000045c   ARM Code     152  serial.o(.text)
    uart0_send_ascii                         0x000004f4   ARM Code      48  serial.o(.text)
    uart1_send_ascii                         0x00000524   ARM Code      48  serial.o(.text)
    main                                     0x00000574   ARM Code     488  main.o(.text)
    init_adc                                 0x00000790   ARM Code     188  global_adc_init.o(.text)
    read_adc0                                0x0000084c   ARM Code     308  global_adc_init.o(.text)
    read_adc1                                0x00000980   ARM Code     308  global_adc_init.o(.text)
    read_sonar                               0x00000ac4   ARM Code     192  sonar_interface.o(.text)
    delay_us                                 0x00000b84   ARM Code      44  sonar_interface.o(.text)
    enable_sonar_chain                       0x00000bb0   ARM Code     108  sonar_interface.o(.text)
    sonar_strobe                             0x00000c1c   ARM Code      68  sonar_interface.o(.text)
    format_sonar_data_and_send               0x00000c60   ARM Code      52  sonar_interface.o(.text)
    __aeabi_idiv                             0x00000ca0   ARM Code       0  aeabi_sdiv.o(.text)
    __aeabi_idivmod                          0x00000ca0   ARM Code     384  aeabi_sdiv.o(.text)
    __use_two_region_memory                  0x00000e20   ARM Code       4  stkheap2.o(.text)
    __rt_stackheap_init                      0x00000e24   ARM Code      36  stkheap2.o(.text)
    __rt_heap_extend                         0x00000e48   ARM Code      24  stkheap2.o(.text)
    __rt_entry                               0x00000e60   ARM Code      76  kernel.o(.text)
    __rt_exit                                0x00000eac   ARM Code      20  kernel.o(.text)
    __rt_abort                               0x00000ec0   ARM Code       8  kernel.o(.text)
    __user_setup_stackheap                   0x00000ec8   ARM Code      96  sys_stackheap_outer.o(.text)
    __rt_stackheap_storage                   0x00000f28   ARM Code      12  rt_stackheap_storage_intlibspace.o(.text)
    _sys_exit                                0x00000f38   ARM Code      20  sys_exit.o(.text)
    __user_libspace                          0x00000f50   ARM Code       8  libspace.o(.text)
    __user_perproc_libspace                  0x00000f50   ARM Code       0  libspace.o(.text)
    __user_perthread_libspace                0x00000f50   ARM Code       0  libspace.o(.text)
    exit                                     0x00000f5d   Thumb Code    12  exit.o(.text)
    Inline ARM to Thumb Veneer to __rt_lib_init 0x00000f68   ARM Code       0  lib_init.o(.text)
    __rt_lib_init                            0x00000f71   Thumb Code   184  lib_init.o(.text)
    __rt_lib_shutdown                        0x00001029   Thumb Code    22  lib_init.o(.text)
    _platform_post_stackheap_init            0x00001040   ARM Code      12  boardinit2.o(.text)
    _platform_post_lib_init                  0x0000104c   ARM Code      16  boardinit3.o(.text)
    __I_use_semihosting                      0x0000105c   ARM Code       0  use_no_semi.o(.text)
    __use_no_semihosting_swi                 0x0000105c   ARM Code       4  use_no_semi.o(.text)
    Inline Thumb to ARM Veneer to __rt_locale 0x00001061   Thumb Code     0  rt_locale_intlibspace.o(.text)
    __rt_locale                              0x00001064   ARM Code      12  rt_locale_intlibspace.o(.text)
    __ARM_get_argv                           0x00001075   Thumb Code     6  no_argv.o(.text)
    __rt_fp_status_addr                      0x0000107c   ARM Code      12  rt_fp_status_addr_intlibspace.o(.text)
    Long ARM to Thumb Veneer to __rt_lib_shutdown 0x0000108c   ARM Code       0  anon$$obj.o(Veneer$$Code)
    Short Thumb to ARM Veneer to __rt_exit   0x00001099   Thumb Code     0  anon$$obj.o(Veneer$$Code)
    __fpl_fcheck_NaN2                        0x000010a0   ARM Code       8  fcheck.o(x$fpl$fcheck)
    __fpl_fcheck_NaN1                        0x000010ac   ARM Code       8  fcheck1.o(x$fpl$fcheck1)
    __aeabi_fdiv                             0x000010b8   ARM Code       0  fdiv.o(x$fpl$fdiv)
    _fdiv                                    0x000010b8   ARM Code     476  fdiv.o(x$fpl$fdiv)
    __fpl_inf_fdiv                           0x00001254   ARM Code       0  fdiv.o(x$fpl$fdiv)
    __aeabi_f2uiz                            0x0000129c   ARM Code       0  ffixu.o(x$fpl$ffixu)
    _ffixu                                   0x0000129c   ARM Code      92  ffixu.o(x$fpl$ffixu)
    __fpl_inf_ffixu                          0x000012f0   ARM Code       0  ffixu.o(x$fpl$ffixu)
    __aeabi_i2f                              0x000012fc   ARM Code       0  fflt_noclz.o(x$fpl$fflt)
    _fflt                                    0x000012fc   ARM Code      92  fflt_noclz.o(x$fpl$fflt)
    __fflt_normalise                         0x00001308   ARM Code       0  fflt_noclz.o(x$fpl$fflt)
    __aeabi_ui2f                             0x00001358   ARM Code       0  fflt_noclz.o(x$fpl$ffltu)
    _ffltu                                   0x00001358   ARM Code       8  fflt_noclz.o(x$fpl$ffltu)
    __fpl_normalise2                         0x00001360   ARM Code     148  fnorm2_noclz.o(x$fpl$fnorm2)
    Inline Thumb to ARM Veneer to _fp_init   0x000013f5   Thumb Code     0  fpinit.o(x$fpl$fpinit)
    _fp_init                                 0x000013f8   ARM Code      24  fpinit.o(x$fpl$fpinit)
    __fplib_config_pureend_doubles           0x00001408   ARM Code       0  fpinit.o(x$fpl$fpinit)
    __funder                                 0x00001410   ARM Code     140  funder.o(x$fpl$funder)
    __funder_d                               0x0000149c   ARM Code       4  funder.o(x$fpl$funder)
    __fpl_return_NaN                         0x000014a0   ARM Code     116  retnan.o(x$fpl$retnan)
    __fpl_cmpreturn                          0x00001514   ARM Code      60  trapv.o(x$fpl$trapveneer)
    Region$$Table$$Base                      0x00001550   Number         0  anon$$obj.o(Region$$Table)
    __I_use_fp                               0x00001550   Number         0  usenofp.o(x$fpl$usenofp)
    Region$$Table$$Limit                     0x00001570   Number         0  anon$$obj.o(Region$$Table)
    lonib0                                   0x40000000   Data           1  serial.o(.data)
    hinib0                                   0x40000001   Data           1  serial.o(.data)
    lonib1                                   0x40000002   Data           1  serial.o(.data)
    hinib1                                   0x40000003   Data           1  serial.o(.data)
    s1val                                    0x40000004   Data           4  main.o(.data)
    s2val                                    0x40000008   Data           4  main.o(.data)
    s3val                                    0x4000000c   Data           4  main.o(.data)
    s4val                                    0x40000010   Data           4  main.o(.data)
    s5val                                    0x40000014   Data           4  main.o(.data)
    i                                        0x40000018   Data           4  main.o(.data)
    div                                      0x4000001c   Data           4  main.o(.data)
    state                                    0x40000020   Data           4  main.o(.data)
    cnt                                      0x40000024   Data           4  main.o(.data)
    rx_cnt                                   0x40000028   Data           4  main.o(.data)
    is_origin_set                            0x4000002c   Data           4  main.o(.data)
    is_valid_packet                          0x40000030   Data           4  main.o(.data)
    is_gpgll                                 0x40000034   Data           4  main.o(.data)
    is_active                                0x40000038   Data           4  main.o(.data)
    name1                                    0x40000040   Data           6  gps_odometry.o(.data)
    rxdata                                   0x40000046   Data           1  gps_odometry.o(.data)
    idx                                      0x40000048   Data           4  gps_odometry.o(.data)
    idxsav                                   0x4000004c   Data           4  gps_odometry.o(.data)
    rbfull                                   0x40000050   Data           4  gps_odometry.o(.data)
    packet_name                              0x40000054   Data           6  gps_odometry.o(.data)
    latitude_degrees                         0x4000005c   Data           4  gps_odometry.o(.data)
    latitude_minutes                         0x40000060   Data           4  gps_odometry.o(.data)
    latitude_seconds                         0x40000068   Data           8  gps_odometry.o(.data)
    longitude_degrees                        0x40000070   Data           4  gps_odometry.o(.data)
    longitude_minutes                        0x40000074   Data           4  gps_odometry.o(.data)
    longitude_seconds                        0x40000078   Data           8  gps_odometry.o(.data)
    x_origin                                 0x40000080   Data           4  gps_odometry.o(.data)
    y_origin                                 0x40000084   Data           4  gps_odometry.o(.data)
    current_x                                0x40000088   Data           4  gps_odometry.o(.data)
    current_y                                0x4000008c   Data           4  gps_odometry.o(.data)
    __libspace_start                         0x40000090   Data          96  libspace.o(.bss)
    __temporary_stack_top_libspace           0x400000f0   Data           0  libspace.o(.bss)


================================================================================

Memory Map of the image

  Image Entry point : 0x00000110

  Load Region LR_IROM1 (Base: 0x00000000, Size: 0x00001600, Max: 0x00080000, ABSOLUTE)

    Execution Region ER_IROM1 (Base: 0x00000000, Size: 0x00001570, Max: 0x00080000, ABSOLUTE)

    Base Addr    Size         Type   Attr      Idx    E Section Name        Object

    0x00000000   0x00000110   Code   RO            3    RESET               startup.o
    0x00000110   0x00000008   Code   RO          135  * !!!main             __main.o(c_t.l)
    0x00000118   0x0000003c   Code   RO          299    !!!scatter          __scatter.o(c_t.l)
    0x00000154   0x00000028   Code   RO          301    !!handler_copy      __scatter_copy.o(c_t.l)
    0x0000017c   0x0000002c   Code   RO          303    !!handler_zi        __scatter_zi.o(c_t.l)
    0x000001a8   0x00000004   Ven    RO          215    .emb_text           lib_init.o(c_t.l)
    0x000001ac   0x00000010   Code   RO          215    .emb_text           lib_init.o(c_t.l)
    0x000001bc   0x00000020   Code   RO            4    .text               startup.o
    0x000001dc   0x00000398   Code   RO           12    .text               serial.o
    0x00000574   0x0000021c   Code   RO           32    .text               main.o
    0x00000790   0x00000334   Code   RO           76    .text               global_adc_init.o
    0x00000ac4   0x000001dc   Code   RO           91    .text               sonar_interface.o
    0x00000ca0   0x00000180   Code   RO          117    .text               aeabi_sdiv.o(c_t.l)
    0x00000e20   0x00000040   Code   RO          133    .text               stkheap2.o(c_t.l)
    0x00000e60   0x00000068   Code   RO          173    .text               kernel.o(c_t.l)
    0x00000ec8   0x00000060   Code   RO          176    .text               sys_stackheap_outer.o(c_t.l)
    0x00000f28   0x00000010   Code   RO          185    .text               rt_stackheap_storage_intlibspace.o(c_t.l)
    0x00000f38   0x00000018   Code   RO          204    .text               sys_exit.o(c_t.l)
    0x00000f50   0x0000000c   Code   RO          206    .text               libspace.o(c_t.l)
    0x00000f5c   0x0000000c   Code   RO          211    .text               exit.o(c_t.l)
    0x00000f68   0x00000008   Ven    RO          216    .text               lib_init.o(c_t.l)
    0x00000f70   0x000000ce   Code   RO          216    .text               lib_init.o(c_t.l)
    0x0000103e   0x00000002   PAD
    0x00001040   0x0000000c   Code   RO          221    .text               boardinit2.o(c_t.l)
    0x0000104c   0x00000010   Code   RO          223    .text               boardinit3.o(c_t.l)
    0x0000105c   0x00000004   Code   RO          231    .text               use_no_semi.o(c_t.l)
    0x00001060   0x00000004   Ven    RO          236    .text               rt_locale_intlibspace.o(c_t.l)
    0x00001064   0x00000010   Code   RO          236    .text               rt_locale_intlibspace.o(c_t.l)
    0x00001074   0x00000006   Code   RO          246    .text               no_argv.o(c_t.l)
    0x0000107a   0x00000002   PAD
    0x0000107c   0x00000010   Code   RO          259    .text               rt_fp_status_addr_intlibspace.o(c_t.l)
    0x0000108c   0x0000000c   Ven    RO          309    Veneer$$Code        anon$$obj.o
    0x00001098   0x00000008   Ven    RO          310    Veneer$$Code        anon$$obj.o
    0x000010a0   0x0000000c   Code   RO          194    x$fpl$fcheck        fcheck.o(fz_ts.l)
    0x000010ac   0x0000000c   Code   RO          196    x$fpl$fcheck1       fcheck1.o(fz_ts.l)
    0x000010b8   0x000001e4   Code   RO          158    x$fpl$fdiv          fdiv.o(fz_ts.l)
    0x0000129c   0x00000060   Code   RO          161    x$fpl$ffixu         ffixu.o(fz_ts.l)
    0x000012fc   0x0000005c   Code   RO          166    x$fpl$fflt          fflt_noclz.o(fz_ts.l)
    0x00001358   0x00000008   Code   RO          165    x$fpl$ffltu         fflt_noclz.o(fz_ts.l)
    0x00001360   0x00000094   Code   RO          198    x$fpl$fnorm2        fnorm2_noclz.o(fz_ts.l)
    0x000013f4   0x00000004   Ven    RO          250    x$fpl$fpinit        fpinit.o(fz_ts.l)
    0x000013f8   0x00000018   Code   RO          250    x$fpl$fpinit        fpinit.o(fz_ts.l)
    0x00001410   0x00000090   Code   RO          200    x$fpl$funder        funder.o(fz_ts.l)
    0x000014a0   0x00000074   Code   RO          229    x$fpl$retnan        retnan.o(fz_ts.l)
    0x00001514   0x0000003c   Code   RO          248    x$fpl$trapveneer    trapv.o(fz_ts.l)
    0x00001550   0x00000000   Code   RO          187    x$fpl$usenofp       usenofp.o(fz_ts.l)
    0x00001550   0x00000020   Data   RO          298    Region$$Table       anon$$obj.o


    Execution Region RW_IRAM1 (Base: 0x40000000, Size: 0x00000578, Max: 0x00008000, ABSOLUTE)

    Base Addr    Size         Type   Attr      Idx    E Section Name        Object

    0x40000000   0x00000004   Data   RW           13    .data               serial.o
    0x40000004   0x00000038   Data   RW           33    .data               main.o
    0x4000003c   0x00000004   PAD
    0x40000040   0x00000050   Data   RW           63    .data               gps_odometry.o
    0x40000090   0x00000060   Zero   RW          207    .bss                libspace.o(c_t.l)
    0x400000f0   0x00000000   Zero   RW            2    HEAP                startup.o
    0x400000f0   0x00000488   Zero   RW            1    STACK               startup.o


================================================================================

Image component sizes


      Code (inc. data)   RO Data    RW Data    ZI Data      Debug   Object Name

       820         16          0          0          0       1039   global_adc_init.o
         0          0          0         80          0       3991   gps_odometry.o
       540         52          0         56          0        877   main.o
       920         32          0          4          0       5504   serial.o
       476         12          0          0          0       1257   sonar_interface.o
       304         60          0          0       1160        536   startup.o

    ------------------------------------------------------------------------
      3080        176         32        144       1160      13204   Object Totals
        20          4         32          0          0          0   (incl. Generated)
         0          0          0          4          0          0   (incl. Padding)

    ------------------------------------------------------------------------

      Code (inc. data)   RO Data    RW Data    ZI Data      Debug   Library Member Name

         8          0          0          0          0          0   __main.o
        60          8          0          0          0          0   __scatter.o
        40          0          0          0          0          0   __scatter_copy.o
        44          0          0          0          0          0   __scatter_zi.o
       384          0          0          0          0          0   aeabi_sdiv.o
        12          0          0          0          0          0   boardinit2.o
        16          0          0          0          0          0   boardinit3.o
        12          0          0          0          0          0   exit.o
        12          4          0          0          0          0   fcheck.o
        12          4          0          0          0          0   fcheck1.o
       484         76          0          0          0          0   fdiv.o
        96          4          0          0          0          0   ffixu.o
       100          0          0          0          0          0   fflt_noclz.o
       148          0          0          0          0          0   fnorm2_noclz.o
        28          0          0          0          0          0   fpinit.o
       144          0          0          0          0          0   funder.o
       104          4          0          0          0          0   kernel.o
       234          4          0          0          0          0   lib_init.o
        12          4          0          0         96          0   libspace.o
         6          0          0          0          0          0   no_argv.o
       116          0          0          0          0          0   retnan.o
        16          4          0          0          0          0   rt_fp_status_addr_intlibspace.o
        20          4          0          0          0          0   rt_locale_intlibspace.o
        16          4          0          0          0          0   rt_stackheap_storage_intlibspace.o
        64          0          0          0          0          0   stkheap2.o
        24          8          0          0          0          0   sys_exit.o
        96          0          0          0          0          0   sys_stackheap_outer.o
        60          0          0          0          0          0   trapv.o
         4          0          0          0          0          0   use_no_semi.o
         0          0          0          0          0          0   usenofp.o

    ------------------------------------------------------------------------
      2376        128          0          0         96          0   Library Totals
         4          0          0          0          0          0   (incl. Padding)

    ------------------------------------------------------------------------

      Code (inc. data)   RO Data    RW Data    ZI Data      Debug   Library Name

      1172         40          0          0         96          0   c_t.l
      1200         88          0          0          0          0   fz_ts.l

    ------------------------------------------------------------------------
      2376        128          0          0         96          0   Library Totals

    ------------------------------------------------------------------------

================================================================================


      Code (inc. data)   RO Data    RW Data    ZI Data      Debug   

      5456        304         32        144       1256      13204   Grand Totals
      5456        304         32        144       1256      13204   ELF Image Totals
      5456        304         32        144          0          0   ROM Totals

================================================================================

    Total RO  Size (Code + RO Data)                 5488 (   5.36kB)
    Total RW  Size (RW Data + ZI Data)              1400 (   1.37kB)
    Total ROM Size (Code + RO Data + RW Data)       5632 (   5.50kB)

================================================================================

